
   PASS  Tests\Unit\ExampleTest
  Ô£ô that true is true                                                    0.04s  

   PASS  Tests\Feature\BegeniVeEslesmeTest
  Ô£ô it kullanici baskasini begenebilir                                   1.05s  
  Ô£ô it kendini begenemez                                                 0.06s  
  Ô£ô it karsilikli begeni eslesme olusturur                               0.13s  
  Ô£ô it gelen begeniler listelenebilir                                    0.09s  
  Ô£ô it aktif eslesmeler listelenebilir                                   0.07s  
  Ô£ô it eslesme sonlandirilabilir                                         0.07s  
  Ô£ô it baskasinin eslesmesi sonlandirilamaz                              0.06s  

   PASS  Tests\Feature\ExampleTest
  Ô£ô the application returns a successful response                        0.10s  

   PASS  Tests\Feature\InstagramTest
  Ô£ô it instagram hesabi baglanabilir                                     0.08s  
  Ô£ô it instagram hesaplari listelenebilir                                0.06s  
  Ô£ô it instagram hesabi kaldirilabilir                                   0.06s  
  Ô£ô it baskasinin instagram hesabi kaldirilamaz                          0.06s  
  Ô£ô it kisiler senkronize edilebilir                                     0.06s  
  Ô£ô it mesajlar alinip kaydedilebilir                                    0.07s  
  Ô£ô it ayni mesaj kodu tekrar kaydedilmez                                0.07s  
  Ô£ô it giden kuyruk listelenebilir                                       0.06s  
  Ô£ô it mesaj gonderildi olarak isaretlenebilir                           0.05s  

   FAIL  Tests\Feature\KimlikTest
  Ô¿» it yeni kullanici kayit olabilir                                     0.15s  
  Ô£ô it kayit sirasinda zorunlu alanlar dogrulanir                        0.06s  
  Ô£ô it ayni kullanici adi ile ikinci kayit reddedilir                    0.07s  
  Ô¿» it extension istemci tipi ile kayit olunabilir                       0.08s  
  Ô¿» it dogru bilgilerle giris yapilabilir                                0.11s  
  Ô£ô it yanlis sifre ile giris reddedilir                                 0.08s  
  Ô¿» it pasif hesapla giris reddedilir                                    0.07s  
  Ô¿» it oturum acik iken cikis yapilabilir                                0.08s  
  Ô£ô it giris yapmamis kullanici korumali route a erisemez                0.07s  
  Ô£ô it giris yapmis kullanici kendi bilgilerini gorebilir                0.09s  

   FAIL  Tests\Feature\ModerasyonTest
  Ô£ô it kullanici engellenebilir                                          0.11s  
  Ô£ô it kendini engelleyemez                                              0.08s  
  Ô£ô it engel kaldirilabilir                                              0.07s  
  Ô¿» it sikayet olusturulabilir                                           0.07s  
  Ô£ô it sikayet olusturmak icin kategori zorunludur                       0.06s  

   PASS  Tests\Feature\ProfilTest
  Ô£ô it kullanici kendi profilini gorebilir                               0.08s  
  Ô£ô it kullanici profilini guncelleyebilir                               0.07s  
  Ô£ô it profil guncelleme gecersiz cinsiyet reddeder                      0.06s  
  Ô£ô it yetkisiz kullanici profil goremez                                 0.07s  

   FAIL  Tests\Feature\SohbetVeMesajTest
  Ô£ô it sohbetler listelenebilir                                          0.09s  
  Ô£ô it mesajlar listelenebilir                                           0.08s  
  Ô£ô it mesaj gonderilebilir                                              0.08s  
  Ô£ô it mesaj gonderirken metin zorunludur                                0.06s  
  Ô¿» it mesajlar okundu olarak isaretlenebilir                            0.06s  
  ÔöÇÔöÇÔöÇÔöÇÔöÇÔöÇÔöÇÔöÇÔöÇÔöÇÔöÇÔöÇÔöÇÔöÇÔöÇÔöÇÔöÇÔöÇÔöÇÔöÇÔöÇÔöÇÔöÇÔöÇÔöÇÔöÇÔöÇÔöÇÔöÇÔöÇÔöÇÔöÇÔöÇÔöÇÔöÇÔöÇÔöÇÔöÇÔöÇÔöÇÔöÇÔöÇÔöÇÔöÇÔöÇÔöÇÔöÇÔöÇÔöÇÔöÇÔöÇÔöÇÔöÇÔöÇÔöÇÔöÇÔöÇÔöÇÔöÇÔöÇÔöÇÔöÇÔöÇÔöÇÔöÇÔöÇÔöÇÔöÇÔöÇÔöÇÔöÇÔöÇÔöÇÔöÇÔöÇÔöÇ  
   FAILED  Tests\Feature\KimlikTest > it yeni kullanici kayit olabilir          
  Expected response status code [201] but received 500.
Failed asserting that 500 is identical to 201.

The following exception occurred during the last request:

PDOException: SQLSTATE[HY000]: General error: 1 no such table: personal_access_tokens in C:\Users\yetki\Herd\minimesaj\vendor\laravel\framework\src\Illuminate\Database\Connection.php:581
Stack trace:
#0 C:\Users\yetki\Herd\minimesaj\vendor\laravel\framework\src\Illuminate\Database\Connection.php(581): PDO->prepare('insert into "pe...')
#1 C:\Users\yetki\Herd\minimesaj\vendor\laravel\framework\src\Illuminate\Database\Connection.php(830): Illuminate\Database\Connection->{closure:Illuminate\Database\Connection::statement():576}('insert into "pe...', Array)
#2 C:\Users\yetki\Herd\minimesaj\vendor\laravel\framework\src\Illuminate\Database\Connection.php(797): Illuminate\Database\Connection->runQueryCallback('insert into "pe...', Array, Object(Closure))
#3 C:\Users\yetki\Herd\minimesaj\vendor\laravel\framework\src\Illuminate\Database\Connection.php(576): Illuminate\Database\Connection->run('insert into "pe...', Array, Object(Closure))
#4 C:\Users\yetki\Herd\minimesaj\vendor\laravel\framework\src\Illuminate\Database\Connection.php(540): Illuminate\Database\Connection->statement('insert into "pe...', Array)
#5 C:\Users\yetki\Herd\minimesaj\vendor\laravel\framework\src\Illuminate\Database\Query\Processors\Processor.php(32): Illuminate\Database\Connection->insert('insert into "pe...', Array)
#6 C:\Users\yetki\Herd\minimesaj\vendor\laravel\framework\src\Illuminate\Database\Query\Builder.php(4246): Illuminate\Database\Query\Processors\Processor->processInsertGetId(Object(Illuminate\Database\Query\Builder), 'insert into "pe...', Array, 'id')
#7 C:\Users\yetki\Herd\minimesaj\vendor\laravel\framework\src\Illuminate\Database\Eloquent\Builder.php(2270): Illuminate\Database\Query\Builder->insertGetId(Array, 'id')
#8 C:\Users\yetki\Herd\minimesaj\vendor\laravel\framework\src\Illuminate\Database\Eloquent\Model.php(1650): Illuminate\Database\Eloquent\Builder->__call('insertGetId', Array)
#9 C:\Users\yetki\Herd\minimesaj\vendor\laravel\framework\src\Illuminate\Database\Eloquent\Model.php(1566): Illuminate\Database\Eloquent\Model->insertAndSetId(Object(Illuminate\Database\Eloquent\Builder), Array)
#10 C:\Users\yetki\Herd\minimesaj\vendor\laravel\framework\src\Illuminate\Database\Eloquent\Model.php(1370): Illuminate\Database\Eloquent\Model->performInsert(Object(Illuminate\Database\Eloquent\Builder))
#11 C:\Users\yetki\Herd\minimesaj\vendor\laravel\framework\src\Illuminate\Database\Eloquent\Relations\HasOneOrMany.php(393): Illuminate\Database\Eloquent\Model->save()
#12 C:\Users\yetki\Herd\minimesaj\vendor\laravel\framework\src\Illuminate\Support\helpers.php(393): Illuminate\Database\Eloquent\Relations\HasOneOrMany->{closure:Illuminate\Database\Eloquent\Relations\HasOneOrMany::create():390}(Object(Laravel\Sanctum\PersonalAccessToken))
#13 C:\Users\yetki\Herd\minimesaj\vendor\laravel\framework\src\Illuminate\Database\Eloquent\Relations\HasOneOrMany.php(390): tap(Object(Laravel\Sanctum\PersonalAccessToken), Object(Closure))
#14 C:\Users\yetki\Herd\minimesaj\vendor\laravel\sanctum\src\HasApiTokens.php(64): Illuminate\Database\Eloquent\Relations\HasOneOrMany->create(Array)
#15 C:\Users\yetki\Herd\minimesaj\app\Http\Controllers\Kimlik\KimlikController.php(38): App\Models\User->createToken('dating', Array)
#16 C:\Users\yetki\Herd\minimesaj\vendor\laravel\framework\src\Illuminate\Routing\ControllerDispatcher.php(46): App\Http\Controllers\Kimlik\KimlikController->kayit(Object(Illuminate\Http\Request))
#17 C:\Users\yetki\Herd\minimesaj\vendor\laravel\framework\src\Illuminate\Routing\Route.php(269): Illuminate\Routing\ControllerDispatcher->dispatch(Object(Illuminate\Routing\Route), Object(App\Http\Controllers\Kimlik\KimlikController), 'kayit')
#18 C:\Users\yetki\Herd\minimesaj\vendor\laravel\framework\src\Illuminate\Routing\Route.php(215): Illuminate\Routing\Route->runController()
#19 C:\Users\yetki\Herd\minimesaj\vendor\laravel\framework\src\Illuminate\Routing\Router.php(822): Illuminate\Routing\Route->run()
#20 C:\Users\yetki\Herd\minimesaj\vendor\laravel\framework\src\Illuminate\Pipeline\Pipeline.php(180): Illuminate\Routing\Router->{closure:Illuminate\Routing\Router::runRouteWithinStack():821}(Object(Illuminate\Http\Request))
#21 C:\Users\yetki\Herd\minimesaj\vendor\laravel\framework\src\Illuminate\Routing\Middleware\SubstituteBindings.php(52): Illuminate\Pipeline\Pipeline->{closure:Illuminate\Pipeline\Pipeline::prepareDestination():178}(Object(Illuminate\Http\Request))
#22 C:\Users\yetki\Herd\minimesaj\vendor\laravel\framework\src\Illuminate\Pipeline\Pipeline.php(219): Illuminate\Routing\Middleware\SubstituteBindings->handle(Object(Illuminate\Http\Request), Object(Closure))
#23 C:\Users\yetki\Herd\minimesaj\vendor\laravel\framework\src\Illuminate\Routing\Middleware\ThrottleRequests.php(168): Illuminate\Pipeline\Pipeline->{closure:{closure:Illuminate\Pipeline\Pipeline::carry():194}:195}(Object(Illuminate\Http\Request))
#24 C:\Users\yetki\Herd\minimesaj\vendor\laravel\framework\src\Illuminate\Routing\Middleware\ThrottleRequests.php(129): Illuminate\Routing\Middleware\ThrottleRequests->handleRequest(Object(Illuminate\Http\Request), Object(Closure), Array)
#25 C:\Users\yetki\Herd\minimesaj\vendor\laravel\framework\src\Illuminate\Routing\Middleware\ThrottleRequests.php(90): Illuminate\Routing\Middleware\ThrottleRequests->handleRequestUsingNamedLimiter(Object(Illuminate\Http\Request), Object(Closure), 'auth', Object(Closure))
#26 C:\Users\yetki\Herd\minimesaj\vendor\laravel\framework\src\Illuminate\Pipeline\Pipeline.php(219): Illuminate\Routing\Middleware\ThrottleRequests->handle(Object(Illuminate\Http\Request), Object(Closure), 'auth')
#27 C:\Users\yetki\Herd\minimesaj\vendor\laravel\sanctum\src\Http\Middleware\EnsureFrontendRequestsAreStateful.php(26): Illuminate\Pipeline\Pipeline->{closure:{closure:Illuminate\Pipeline\Pipeline::carry():194}:195}(Object(Illuminate\Http\Request))
#28 C:\Users\yetki\Herd\minimesaj\vendor\laravel\framework\src\Illuminate\Pipeline\Pipeline.php(180): Laravel\Sanctum\Http\Middleware\EnsureFrontendRequestsAreStateful->{closure:Laravel\Sanctum\Http\Middleware\EnsureFrontendRequestsAreStateful::handle():25}(Object(Illuminate\Http\Request))
#29 C:\Users\yetki\Herd\minimesaj\vendor\laravel\framework\src\Illuminate\Pipeline\Pipeline.php(137): Illuminate\Pipeline\Pipeline->{closure:Illuminate\Pipeline\Pipeline::prepareDestination():178}(Object(Illuminate\Http\Request))
#30 C:\Users\yetki\Herd\minimesaj\vendor\laravel\sanctum\src\Http\Middleware\EnsureFrontendRequestsAreStateful.php(25): Illuminate\Pipeline\Pipeline->then(Object(Closure))
#31 C:\Users\yetki\Herd\minimesaj\vendor\laravel\framework\src\Illuminate\Pipeline\Pipeline.php(219): Laravel\Sanctum\Http\Middleware\EnsureFrontendRequestsAreStateful->handle(Object(Illuminate\Http\Request), Object(Closure))
#32 C:\Users\yetki\Herd\minimesaj\vendor\laravel\framework\src\Illuminate\Pipeline\Pipeline.php(137): Illuminate\Pipeline\Pipeline->{closure:{closure:Illuminate\Pipeline\Pipeline::carry():194}:195}(Object(Illuminate\Http\Request))
#33 C:\Users\yetki\Herd\minimesaj\vendor\laravel\framework\src\Illuminate\Routing\Router.php(821): Illuminate\Pipeline\Pipeline->then(Object(Closure))
#34 C:\Users\yetki\Herd\minimesaj\vendor\laravel\framework\src\Illuminate\Routing\Router.php(800): Illuminate\Routing\Router->runRouteWithinStack(Object(Illuminate\Routing\Route), Object(Illuminate\Http\Request))
#35 C:\Users\yetki\Herd\minimesaj\vendor\laravel\framework\src\Illuminate\Routing\Router.php(764): Illuminate\Routing\Router->runRoute(Object(Illuminate\Http\Request), Object(Illuminate\Routing\Route))
#36 C:\Users\yetki\Herd\minimesaj\vendor\laravel\framework\src\Illuminate\Routing\Router.php(753): Illuminate\Routing\Router->dispatchToRoute(Object(Illuminate\Http\Request))
#37 C:\Users\yetki\Herd\minimesaj\vendor\laravel\framework\src\Illuminate\Foundation\Http\Kernel.php(200): Illuminate\Routing\Router->dispatch(Object(Illuminate\Http\Request))
#38 C:\Users\yetki\Herd\minimesaj\vendor\laravel\framework\src\Illuminate\Pipeline\Pipeline.php(180): Illuminate\Foundation\Http\Kernel->{closure:Illuminate\Foundation\Http\Kernel::dispatchToRouter():197}(Object(Illuminate\Http\Request))
#39 C:\Users\yetki\Herd\minimesaj\vendor\laravel\framework\src\Illuminate\Foundation\Http\Middleware\TransformsRequest.php(21): Illuminate\Pipeline\Pipeline->{closure:Illuminate\Pipeline\Pipeline::prepareDestination():178}(Object(Illuminate\Http\Request))
#40 C:\Users\yetki\Herd\minimesaj\vendor\laravel\framework\src\Illuminate\Foundation\Http\Middleware\ConvertEmptyStringsToNull.php(31): Illuminate\Foundation\Http\Middleware\TransformsRequest->handle(Object(Illuminate\Http\Request), Object(Closure))
#41 C:\Users\yetki\Herd\minimesaj\vendor\laravel\framework\src\Illuminate\Pipeline\Pipeline.php(219): Illuminate\Foundation\Http\Middleware\ConvertEmptyStringsToNull->handle(Object(Illuminate\Http\Request), Object(Closure))
#42 C:\Users\yetki\Herd\minimesaj\vendor\laravel\framework\src\Illuminate\Foundation\Http\Middleware\TransformsRequest.php(21): Illuminate\Pipeline\Pipeline->{closure:{closure:Illuminate\Pipeline\Pipeline::carry():194}:195}(Object(Illuminate\Http\Request))
#43 C:\Users\yetki\Herd\minimesaj\vendor\laravel\framework\src\Illuminate\Foundation\Http\Middleware\TrimStrings.php(51): Illuminate\Foundation\Http\Middleware\TransformsRequest->handle(Object(Illuminate\Http\Request), Object(Closure))
#44 C:\Users\yetki\Herd\minimesaj\vendor\laravel\framework\src\Illuminate\Pipeline\Pipeline.php(219): Illuminate\Foundation\Http\Middleware\TrimStrings->handle(Object(Illuminate\Http\Request), Object(Closure))
#45 C:\Users\yetki\Herd\minimesaj\vendor\laravel\framework\src\Illuminate\Http\Middleware\ValidatePostSize.php(27): Illuminate\Pipeline\Pipeline->{closure:{closure:Illuminate\Pipeline\Pipeline::carry():194}:195}(Object(Illuminate\Http\Request))
#46 C:\Users\yetki\Herd\minimesaj\vendor\laravel\framework\src\Illuminate\Pipeline\Pipeline.php(219): Illuminate\Http\Middleware\ValidatePostSize->handle(Object(Illuminate\Http\Request), Object(Closure))
#47 C:\Users\yetki\Herd\minimesaj\vendor\laravel\framework\src\Illuminate\Foundation\Http\Middleware\PreventRequestsDuringMaintenance.php(109): Illuminate\Pipeline\Pipeline->{closure:{closure:Illuminate\Pipeline\Pipeline::carry():194}:195}(Object(Illuminate\Http\Request))
#48 C:\Users\yetki\Herd\minimesaj\vendor\laravel\framework\src\Illuminate\Pipeline\Pipeline.php(219): Illuminate\Foundation\Http\Middleware\PreventRequestsDuringMaintenance->handle(Object(Illuminate\Http\Request), Object(Closure))
#49 C:\Users\yetki\Herd\minimesaj\vendor\laravel\framework\src\Illuminate\Http\Middleware\HandleCors.php(74): Illuminate\Pipeline\Pipeline->{closure:{closure:Illuminate\Pipeline\Pipeline::carry():194}:195}(Object(Illuminate\Http\Request))
#50 C:\Users\yetki\Herd\minimesaj\vendor\laravel\framework\src\Illuminate\Pipeline\Pipeline.php(219): Illuminate\Http\Middleware\HandleCors->handle(Object(Illuminate\Http\Request), Object(Closure))
#51 C:\Users\yetki\Herd\minimesaj\vendor\laravel\framework\src\Illuminate\Http\Middleware\TrustProxies.php(58): Illuminate\Pipeline\Pipeline->{closure:{closure:Illuminate\Pipeline\Pipeline::carry():194}:195}(Object(Illuminate\Http\Request))
#52 C:\Users\yetki\Herd\minimesaj\vendor\laravel\framework\src\Illuminate\Pipeline\Pipeline.php(219): Illuminate\Http\Middleware\TrustProxies->handle(Object(Illuminate\Http\Request), Object(Closure))
#53 C:\Users\yetki\Herd\minimesaj\vendor\laravel\framework\src\Illuminate\Foundation\Http\Middleware\InvokeDeferredCallbacks.php(22): Illuminate\Pipeline\Pipeline->{closure:{closure:Illuminate\Pipeline\Pipeline::carry():194}:195}(Object(Illuminate\Http\Request))
#54 C:\Users\yetki\Herd\minimesaj\vendor\laravel\framework\src\Illuminate\Pipeline\Pipeline.php(219): Illuminate\Foundation\Http\Middleware\InvokeDeferredCallbacks->handle(Object(Illuminate\Http\Request), Object(Closure))
#55 C:\Users\yetki\Herd\minimesaj\vendor\laravel\framework\src\Illuminate\Http\Middleware\ValidatePathEncoding.php(28): Illuminate\Pipeline\Pipeline->{closure:{closure:Illuminate\Pipeline\Pipeline::carry():194}:195}(Object(Illuminate\Http\Request))
#56 C:\Users\yetki\Herd\minimesaj\vendor\laravel\framework\src\Illuminate\Pipeline\Pipeline.php(219): Illuminate\Http\Middleware\ValidatePathEncoding->handle(Object(Illuminate\Http\Request), Object(Closure))
#57 C:\Users\yetki\Herd\minimesaj\vendor\laravel\framework\src\Illuminate\Pipeline\Pipeline.php(137): Illuminate\Pipeline\Pipeline->{closure:{closure:Illuminate\Pipeline\Pipeline::carry():194}:195}(Object(Illuminate\Http\Request))
#58 C:\Users\yetki\Herd\minimesaj\vendor\laravel\framework\src\Illuminate\Foundation\Http\Kernel.php(175): Illuminate\Pipeline\Pipeline->then(Object(Closure))
#59 C:\Users\yetki\Herd\minimesaj\vendor\laravel\framework\src\Illuminate\Foundation\Http\Kernel.php(144): Illuminate\Foundation\Http\Kernel->sendRequestThroughRouter(Object(Illuminate\Http\Request))
#60 C:\Users\yetki\Herd\minimesaj\vendor\laravel\framework\src\Illuminate\Foundation\Testing\Concerns\MakesHttpRequests.php(607): Illuminate\Foundation\Http\Kernel->handle(Object(Illuminate\Http\Request))
#61 C:\Users\yetki\Herd\minimesaj\vendor\laravel\framework\src\Illuminate\Foundation\Testing\Concerns\MakesHttpRequests.php(573): Illuminate\Foundation\Testing\TestCase->call('POST', '/api/auth/kayit', Array, Array, Array, Array, '{"ad":"Ali","so...')
#62 C:\Users\yetki\Herd\minimesaj\vendor\laravel\framework\src\Illuminate\Foundation\Testing\Concerns\MakesHttpRequests.php(411): Illuminate\Foundation\Testing\TestCase->json('POST', '/api/auth/kayit', Array, Array, 0)
#63 C:\Users\yetki\Herd\minimesaj\tests\Feature\KimlikTest.php(8): Illuminate\Foundation\Testing\TestCase->postJson('/api/auth/kayit', Array)
#64 C:\Users\yetki\Herd\minimesaj\vendor\pestphp\pest\src\Factories\TestCaseMethodFactory.php(172): P\Tests\Feature\KimlikTest->{closure:C:\Users\yetki\Herd\minimesaj\tests\Feature\KimlikTest.php:7}()
#65 [internal function]: P\Tests\Feature\KimlikTest->{closure:Pest\Factories\TestCaseMethodFactory::getClosure():162}()
#66 C:\Users\yetki\Herd\minimesaj\vendor\pestphp\pest\src\Concerns\Testable.php(429): call_user_func_array(Object(Closure), Array)
#67 C:\Users\yetki\Herd\minimesaj\vendor\pestphp\pest\src\Support\ExceptionTrace.php(26): P\Tests\Feature\KimlikTest->{closure:Pest\Concerns\Testable::__callClosure():429}()
#68 C:\Users\yetki\Herd\minimesaj\vendor\pestphp\pest\src\Concerns\Testable.php(429): Pest\Support\ExceptionTrace::ensure(Object(Closure))
#69 C:\Users\yetki\Herd\minimesaj\vendor\pestphp\pest\src\Concerns\Testable.php(331): P\Tests\Feature\KimlikTest->__callClosure(Object(Closure), Array)
#70 C:\Users\yetki\Herd\minimesaj\vendor\pestphp\pest\src\Factories\TestCaseFactory.php(175) : eval()'d code(17): P\Tests\Feature\KimlikTest->__runTest(Object(Closure))
#71 C:\Users\yetki\Herd\minimesaj\vendor\phpunit\phpunit\src\Framework\TestCase.php(1332): P\Tests\Feature\KimlikTest->__pest_evaluable_it_yeni_kullanici_kayit_olabilir()
#72 C:\Users\yetki\Herd\minimesaj\vendor\phpunit\phpunit\src\Framework\TestCase.php(519): PHPUnit\Framework\TestCase->runTest()
#73 C:\Users\yetki\Herd\minimesaj\vendor\phpunit\phpunit\src\Framework\TestRunner\TestRunner.php(99): PHPUnit\Framework\TestCase->runBare()
#74 C:\Users\yetki\Herd\minimesaj\vendor\phpunit\phpunit\src\Framework\TestCase.php(359): PHPUnit\Framework\TestRunner->run(Object(P\Tests\Feature\KimlikTest))
#75 C:\Users\yetki\Herd\minimesaj\vendor\phpunit\phpunit\src\Framework\TestSuite.php(374): PHPUnit\Framework\TestCase->run()
#76 C:\Users\yetki\Herd\minimesaj\vendor\phpunit\phpunit\src\Framework\TestSuite.php(374): PHPUnit\Framework\TestSuite->run()
#77 C:\Users\yetki\Herd\minimesaj\vendor\phpunit\phpunit\src\Framework\TestSuite.php(374): PHPUnit\Framework\TestSuite->run()
#78 C:\Users\yetki\Herd\minimesaj\vendor\phpunit\phpunit\src\TextUI\TestRunner.php(64): PHPUnit\Framework\TestSuite->run()
#79 C:\Users\yetki\Herd\minimesaj\vendor\phpunit\phpunit\src\TextUI\Application.php(229): PHPUnit\TextUI\TestRunner->run(Object(PHPUnit\TextUI\Configuration\Configuration), Object(PHPUnit\Runner\ResultCache\DefaultResultCache), Object(PHPUnit\Framework\TestSuite))
#80 C:\Users\yetki\Herd\minimesaj\vendor\pestphp\pest\src\Kernel.php(103): PHPUnit\TextUI\Application->run(Array)
#81 C:\Users\yetki\Herd\minimesaj\vendor\pestphp\pest\bin\pest(184): Pest\Kernel->handle(Array, Array)
#82 C:\Users\yetki\Herd\minimesaj\vendor\pestphp\pest\bin\pest(192): {closure:C:\Users\yetki\Herd\minimesaj\vendor\pestphp\pest\bin\pest:18}()
#83 {main}

Next Illuminate\Database\QueryException: SQLSTATE[HY000]: General error: 1 no such table: personal_access_tokens (Connection: sqlite, Database: :memory:, SQL: insert into "personal_access_tokens" ("name", "token", "abilities", "expires_at", "tokenable_id", "tokenable_type", "updated_at", "created_at") values (dating, 00356b49002e48a900f85bc3d0ab02bcb630312732a67b0aff98440dd8438ecb, ["dating","ai","odeme"], ?, 1, App\Models\User, 2026-04-07 08:58:26, 2026-04-07 08:58:26)) in C:\Users\yetki\Herd\minimesaj\vendor\laravel\framework\src\Illuminate\Database\Connection.php:841
Stack trace:
#0 C:\Users\yetki\Herd\minimesaj\vendor\laravel\framework\src\Illuminate\Database\Connection.php(797): Illuminate\Database\Connection->runQueryCallback('insert into "pe...', Array, Object(Closure))
#1 C:\Users\yetki\Herd\minimesaj\vendor\laravel\framework\src\Illuminate\Database\Connection.php(576): Illuminate\Database\Connection->run('insert into "pe...', Array, Object(Closure))
#2 C:\Users\yetki\Herd\minimesaj\vendor\laravel\framework\src\Illuminate\Database\Connection.php(540): Illuminate\Database\Connection->statement('insert into "pe...', Array)
#3 C:\Users\yetki\Herd\minimesaj\vendor\laravel\framework\src\Illuminate\Database\Query\Processors\Processor.php(32): Illuminate\Database\Connection->insert('insert into "pe...', Array)
#4 C:\Users\yetki\Herd\minimesaj\vendor\laravel\framework\src\Illuminate\Database\Query\Builder.php(4246): Illuminate\Database\Query\Processors\Processor->processInsertGetId(Object(Illuminate\Database\Query\Builder), 'insert into "pe...', Array, 'id')
#5 C:\Users\yetki\Herd\minimesaj\vendor\laravel\framework\src\Illuminate\Database\Eloquent\Builder.php(2270): Illuminate\Database\Query\Builder->insertGetId(Array, 'id')
#6 C:\Users\yetki\Herd\minimesaj\vendor\laravel\framework\src\Illuminate\Database\Eloquent\Model.php(1650): Illuminate\Database\Eloquent\Builder->__call('insertGetId', Array)
#7 C:\Users\yetki\Herd\minimesaj\vendor\laravel\framework\src\Illuminate\Database\Eloquent\Model.php(1566): Illuminate\Database\Eloquent\Model->insertAndSetId(Object(Illuminate\Database\Eloquent\Builder), Array)
#8 C:\Users\yetki\Herd\minimesaj\vendor\laravel\framework\src\Illuminate\Database\Eloquent\Model.php(1370): Illuminate\Database\Eloquent\Model->performInsert(Object(Illuminate\Database\Eloquent\Builder))
#9 C:\Users\yetki\Herd\minimesaj\vendor\laravel\framework\src\Illuminate\Database\Eloquent\Relations\HasOneOrMany.php(393): Illuminate\Database\Eloquent\Model->save()
#10 C:\Users\yetki\Herd\minimesaj\vendor\laravel\framework\src\Illuminate\Support\helpers.php(393): Illuminate\Database\Eloquent\Relations\HasOneOrMany->{closure:Illuminate\Database\Eloquent\Relations\HasOneOrMany::create():390}(Object(Laravel\Sanctum\PersonalAccessToken))
#11 C:\Users\yetki\Herd\minimesaj\vendor\laravel\framework\src\Illuminate\Database\Eloquent\Relations\HasOneOrMany.php(390): tap(Object(Laravel\Sanctum\PersonalAccessToken), Object(Closure))
#12 C:\Users\yetki\Herd\minimesaj\vendor\laravel\sanctum\src\HasApiTokens.php(64): Illuminate\Database\Eloquent\Relations\HasOneOrMany->create(Array)
#13 C:\Users\yetki\Herd\minimesaj\app\Http\Controllers\Kimlik\KimlikController.php(38): App\Models\User->createToken('dating', Array)
#14 C:\Users\yetki\Herd\minimesaj\vendor\laravel\framework\src\Illuminate\Routing\ControllerDispatcher.php(46): App\Http\Controllers\Kimlik\KimlikController->kayit(Object(Illuminate\Http\Request))
#15 C:\Users\yetki\Herd\minimesaj\vendor\laravel\framework\src\Illuminate\Routing\Route.php(269): Illuminate\Routing\ControllerDispatcher->dispatch(Object(Illuminate\Routing\Route), Object(App\Http\Controllers\Kimlik\KimlikController), 'kayit')
#16 C:\Users\yetki\Herd\minimesaj\vendor\laravel\framework\src\Illuminate\Routing\Route.php(215): Illuminate\Routing\Route->runController()
#17 C:\Users\yetki\Herd\minimesaj\vendor\laravel\framework\src\Illuminate\Routing\Router.php(822): Illuminate\Routing\Route->run()
#18 C:\Users\yetki\Herd\minimesaj\vendor\laravel\framework\src\Illuminate\Pipeline\Pipeline.php(180): Illuminate\Routing\Router->{closure:Illuminate\Routing\Router::runRouteWithinStack():821}(Object(Illuminate\Http\Request))
#19 C:\Users\yetki\Herd\minimesaj\vendor\laravel\framework\src\Illuminate\Routing\Middleware\SubstituteBindings.php(52): Illuminate\Pipeline\Pipeline->{closure:Illuminate\Pipeline\Pipeline::prepareDestination():178}(Object(Illuminate\Http\Request))
#20 C:\Users\yetki\Herd\minimesaj\vendor\laravel\framework\src\Illuminate\Pipeline\Pipeline.php(219): Illuminate\Routing\Middleware\SubstituteBindings->handle(Object(Illuminate\Http\Request), Object(Closure))
#21 C:\Users\yetki\Herd\minimesaj\vendor\laravel\framework\src\Illuminate\Routing\Middleware\ThrottleRequests.php(168): Illuminate\Pipeline\Pipeline->{closure:{closure:Illuminate\Pipeline\Pipeline::carry():194}:195}(Object(Illuminate\Http\Request))
#22 C:\Users\yetki\Herd\minimesaj\vendor\laravel\framework\src\Illuminate\Routing\Middleware\ThrottleRequests.php(129): Illuminate\Routing\Middleware\ThrottleRequests->handleRequest(Object(Illuminate\Http\Request), Object(Closure), Array)
#23 C:\Users\yetki\Herd\minimesaj\vendor\laravel\framework\src\Illuminate\Routing\Middleware\ThrottleRequests.php(90): Illuminate\Routing\Middleware\ThrottleRequests->handleRequestUsingNamedLimiter(Object(Illuminate\Http\Request), Object(Closure), 'auth', Object(Closure))
#24 C:\Users\yetki\Herd\minimesaj\vendor\laravel\framework\src\Illuminate\Pipeline\Pipeline.php(219): Illuminate\Routing\Middleware\ThrottleRequests->handle(Object(Illuminate\Http\Request), Object(Closure), 'auth')
#25 C:\Users\yetki\Herd\minimesaj\vendor\laravel\sanctum\src\Http\Middleware\EnsureFrontendRequestsAreStateful.php(26): Illuminate\Pipeline\Pipeline->{closure:{closure:Illuminate\Pipeline\Pipeline::carry():194}:195}(Object(Illuminate\Http\Request))
#26 C:\Users\yetki\Herd\minimesaj\vendor\laravel\framework\src\Illuminate\Pipeline\Pipeline.php(180): Laravel\Sanctum\Http\Middleware\EnsureFrontendRequestsAreStateful->{closure:Laravel\Sanctum\Http\Middleware\EnsureFrontendRequestsAreStateful::handle():25}(Object(Illuminate\Http\Request))
#27 C:\Users\yetki\Herd\minimesaj\vendor\laravel\framework\src\Illuminate\Pipeline\Pipeline.php(137): Illuminate\Pipeline\Pipeline->{closure:Illuminate\Pipeline\Pipeline::prepareDestination():178}(Object(Illuminate\Http\Request))
#28 C:\Users\yetki\Herd\minimesaj\vendor\laravel\sanctum\src\Http\Middleware\EnsureFrontendRequestsAreStateful.php(25): Illuminate\Pipeline\Pipeline->then(Object(Closure))
#29 C:\Users\yetki\Herd\minimesaj\vendor\laravel\framework\src\Illuminate\Pipeline\Pipeline.php(219): Laravel\Sanctum\Http\Middleware\EnsureFrontendRequestsAreStateful->handle(Object(Illuminate\Http\Request), Object(Closure))
#30 C:\Users\yetki\Herd\minimesaj\vendor\laravel\framework\src\Illuminate\Pipeline\Pipeline.php(137): Illuminate\Pipeline\Pipeline->{closure:{closure:Illuminate\Pipeline\Pipeline::carry():194}:195}(Object(Illuminate\Http\Request))
#31 C:\Users\yetki\Herd\minimesaj\vendor\laravel\framework\src\Illuminate\Routing\Router.php(821): Illuminate\Pipeline\Pipeline->then(Object(Closure))
#32 C:\Users\yetki\Herd\minimesaj\vendor\laravel\framework\src\Illuminate\Routing\Router.php(800): Illuminate\Routing\Router->runRouteWithinStack(Object(Illuminate\Routing\Route), Object(Illuminate\Http\Request))
#33 C:\Users\yetki\Herd\minimesaj\vendor\laravel\framework\src\Illuminate\Routing\Router.php(764): Illuminate\Routing\Router->runRoute(Object(Illuminate\Http\Request), Object(Illuminate\Routing\Route))
#34 C:\Users\yetki\Herd\minimesaj\vendor\laravel\framework\src\Illuminate\Routing\Router.php(753): Illuminate\Routing\Router->dispatchToRoute(Object(Illuminate\Http\Request))
#35 C:\Users\yetki\Herd\minimesaj\vendor\laravel\framework\src\Illuminate\Foundation\Http\Kernel.php(200): Illuminate\Routing\Router->dispatch(Object(Illuminate\Http\Request))
#36 C:\Users\yetki\Herd\minimesaj\vendor\laravel\framework\src\Illuminate\Pipeline\Pipeline.php(180): Illuminate\Foundation\Http\Kernel->{closure:Illuminate\Foundation\Http\Kernel::dispatchToRouter():197}(Object(Illuminate\Http\Request))
#37 C:\Users\yetki\Herd\minimesaj\vendor\laravel\framework\src\Illuminate\Foundation\Http\Middleware\TransformsRequest.php(21): Illuminate\Pipeline\Pipeline->{closure:Illuminate\Pipeline\Pipeline::prepareDestination():178}(Object(Illuminate\Http\Request))
#38 C:\Users\yetki\Herd\minimesaj\vendor\laravel\framework\src\Illuminate\Foundation\Http\Middleware\ConvertEmptyStringsToNull.php(31): Illuminate\Foundation\Http\Middleware\TransformsRequest->handle(Object(Illuminate\Http\Request), Object(Closure))
#39 C:\Users\yetki\Herd\minimesaj\vendor\laravel\framework\src\Illuminate\Pipeline\Pipeline.php(219): Illuminate\Foundation\Http\Middleware\ConvertEmptyStringsToNull->handle(Object(Illuminate\Http\Request), Object(Closure))
#40 C:\Users\yetki\Herd\minimesaj\vendor\laravel\framework\src\Illuminate\Foundation\Http\Middleware\TransformsRequest.php(21): Illuminate\Pipeline\Pipeline->{closure:{closure:Illuminate\Pipeline\Pipeline::carry():194}:195}(Object(Illuminate\Http\Request))
#41 C:\Users\yetki\Herd\minimesaj\vendor\laravel\framework\src\Illuminate\Foundation\Http\Middleware\TrimStrings.php(51): Illuminate\Foundation\Http\Middleware\TransformsRequest->handle(Object(Illuminate\Http\Request), Object(Closure))
#42 C:\Users\yetki\Herd\minimesaj\vendor\laravel\framework\src\Illuminate\Pipeline\Pipeline.php(219): Illuminate\Foundation\Http\Middleware\TrimStrings->handle(Object(Illuminate\Http\Request), Object(Closure))
#43 C:\Users\yetki\Herd\minimesaj\vendor\laravel\framework\src\Illuminate\Http\Middleware\ValidatePostSize.php(27): Illuminate\Pipeline\Pipeline->{closure:{closure:Illuminate\Pipeline\Pipeline::carry():194}:195}(Object(Illuminate\Http\Request))
#44 C:\Users\yetki\Herd\minimesaj\vendor\laravel\framework\src\Illuminate\Pipeline\Pipeline.php(219): Illuminate\Http\Middleware\ValidatePostSize->handle(Object(Illuminate\Http\Request), Object(Closure))
#45 C:\Users\yetki\Herd\minimesaj\vendor\laravel\framework\src\Illuminate\Foundation\Http\Middleware\PreventRequestsDuringMaintenance.php(109): Illuminate\Pipeline\Pipeline->{closure:{closure:Illuminate\Pipeline\Pipeline::carry():194}:195}(Object(Illuminate\Http\Request))
#46 C:\Users\yetki\Herd\minimesaj\vendor\laravel\framework\src\Illuminate\Pipeline\Pipeline.php(219): Illuminate\Foundation\Http\Middleware\PreventRequestsDuringMaintenance->handle(Object(Illuminate\Http\Request), Object(Closure))
#47 C:\Users\yetki\Herd\minimesaj\vendor\laravel\framework\src\Illuminate\Http\Middleware\HandleCors.php(74): Illuminate\Pipeline\Pipeline->{closure:{closure:Illuminate\Pipeline\Pipeline::carry():194}:195}(Object(Illuminate\Http\Request))
#48 C:\Users\yetki\Herd\minimesaj\vendor\laravel\framework\src\Illuminate\Pipeline\Pipeline.php(219): Illuminate\Http\Middleware\HandleCors->handle(Object(Illuminate\Http\Request), Object(Closure))
#49 C:\Users\yetki\Herd\minimesaj\vendor\laravel\framework\src\Illuminate\Http\Middleware\TrustProxies.php(58): Illuminate\Pipeline\Pipeline->{closure:{closure:Illuminate\Pipeline\Pipeline::carry():194}:195}(Object(Illuminate\Http\Request))
#50 C:\Users\yetki\Herd\minimesaj\vendor\laravel\framework\src\Illuminate\Pipeline\Pipeline.php(219): Illuminate\Http\Middleware\TrustProxies->handle(Object(Illuminate\Http\Request), Object(Closure))
#51 C:\Users\yetki\Herd\minimesaj\vendor\laravel\framework\src\Illuminate\Foundation\Http\Middleware\InvokeDeferredCallbacks.php(22): Illuminate\Pipeline\Pipeline->{closure:{closure:Illuminate\Pipeline\Pipeline::carry():194}:195}(Object(Illuminate\Http\Request))
#52 C:\Users\yetki\Herd\minimesaj\vendor\laravel\framework\src\Illuminate\Pipeline\Pipeline.php(219): Illuminate\Foundation\Http\Middleware\InvokeDeferredCallbacks->handle(Object(Illuminate\Http\Request), Object(Closure))
#53 C:\Users\yetki\Herd\minimesaj\vendor\laravel\framework\src\Illuminate\Http\Middleware\ValidatePathEncoding.php(28): Illuminate\Pipeline\Pipeline->{closure:{closure:Illuminate\Pipeline\Pipeline::carry():194}:195}(Object(Illuminate\Http\Request))
#54 C:\Users\yetki\Herd\minimesaj\vendor\laravel\framework\src\Illuminate\Pipeline\Pipeline.php(219): Illuminate\Http\Middleware\ValidatePathEncoding->handle(Object(Illuminate\Http\Request), Object(Closure))
#55 C:\Users\yetki\Herd\minimesaj\vendor\laravel\framework\src\Illuminate\Pipeline\Pipeline.php(137): Illuminate\Pipeline\Pipeline->{closure:{closure:Illuminate\Pipeline\Pipeline::carry():194}:195}(Object(Illuminate\Http\Request))
#56 C:\Users\yetki\Herd\minimesaj\vendor\laravel\framework\src\Illuminate\Foundation\Http\Kernel.php(175): Illuminate\Pipeline\Pipeline->then(Object(Closure))
#57 C:\Users\yetki\Herd\minimesaj\vendor\laravel\framework\src\Illuminate\Foundation\Http\Kernel.php(144): Illuminate\Foundation\Http\Kernel->sendRequestThroughRouter(Object(Illuminate\Http\Request))
#58 C:\Users\yetki\Herd\minimesaj\vendor\laravel\framework\src\Illuminate\Foundation\Testing\Concerns\MakesHttpRequests.php(607): Illuminate\Foundation\Http\Kernel->handle(Object(Illuminate\Http\Request))
#59 C:\Users\yetki\Herd\minimesaj\vendor\laravel\framework\src\Illuminate\Foundation\Testing\Concerns\MakesHttpRequests.php(573): Illuminate\Foundation\Testing\TestCase->call('POST', '/api/auth/kayit', Array, Array, Array, Array, '{"ad":"Ali","so...')
#60 C:\Users\yetki\Herd\minimesaj\vendor\laravel\framework\src\Illuminate\Foundation\Testing\Concerns\MakesHttpRequests.php(411): Illuminate\Foundation\Testing\TestCase->json('POST', '/api/auth/kayit', Array, Array, 0)
#61 C:\Users\yetki\Herd\minimesaj\tests\Feature\KimlikTest.php(8): Illuminate\Foundation\Testing\TestCase->postJson('/api/auth/kayit', Array)
#62 C:\Users\yetki\Herd\minimesaj\vendor\pestphp\pest\src\Factories\TestCaseMethodFactory.php(172): P\Tests\Feature\KimlikTest->{closure:C:\Users\yetki\Herd\minimesaj\tests\Feature\KimlikTest.php:7}()
#63 [internal function]: P\Tests\Feature\KimlikTest->{closure:Pest\Factories\TestCaseMethodFactory::getClosure():162}()
#64 C:\Users\yetki\Herd\minimesaj\vendor\pestphp\pest\src\Concerns\Testable.php(429): call_user_func_array(Object(Closure), Array)
#65 C:\Users\yetki\Herd\minimesaj\vendor\pestphp\pest\src\Support\ExceptionTrace.php(26): P\Tests\Feature\KimlikTest->{closure:Pest\Concerns\Testable::__callClosure():429}()
#66 C:\Users\yetki\Herd\minimesaj\vendor\pestphp\pest\src\Concerns\Testable.php(429): Pest\Support\ExceptionTrace::ensure(Object(Closure))
#67 C:\Users\yetki\Herd\minimesaj\vendor\pestphp\pest\src\Concerns\Testable.php(331): P\Tests\Feature\KimlikTest->__callClosure(Object(Closure), Array)
#68 C:\Users\yetki\Herd\minimesaj\vendor\pestphp\pest\src\Factories\TestCaseFactory.php(175) : eval()'d code(17): P\Tests\Feature\KimlikTest->__runTest(Object(Closure))
#69 C:\Users\yetki\Herd\minimesaj\vendor\phpunit\phpunit\src\Framework\TestCase.php(1332): P\Tests\Feature\KimlikTest->__pest_evaluable_it_yeni_kullanici_kayit_olabilir()
#70 C:\Users\yetki\Herd\minimesaj\vendor\phpunit\phpunit\src\Framework\TestCase.php(519): PHPUnit\Framework\TestCase->runTest()
#71 C:\Users\yetki\Herd\minimesaj\vendor\phpunit\phpunit\src\Framework\TestRunner\TestRunner.php(99): PHPUnit\Framework\TestCase->runBare()
#72 C:\Users\yetki\Herd\minimesaj\vendor\phpunit\phpunit\src\Framework\TestCase.php(359): PHPUnit\Framework\TestRunner->run(Object(P\Tests\Feature\KimlikTest))
#73 C:\Users\yetki\Herd\minimesaj\vendor\phpunit\phpunit\src\Framework\TestSuite.php(374): PHPUnit\Framework\TestCase->run()
#74 C:\Users\yetki\Herd\minimesaj\vendor\phpunit\phpunit\src\Framework\TestSuite.php(374): PHPUnit\Framework\TestSuite->run()
#75 C:\Users\yetki\Herd\minimesaj\vendor\phpunit\phpunit\src\Framework\TestSuite.php(374): PHPUnit\Framework\TestSuite->run()
#76 C:\Users\yetki\Herd\minimesaj\vendor\phpunit\phpunit\src\TextUI\TestRunner.php(64): PHPUnit\Framework\TestSuite->run()
#77 C:\Users\yetki\Herd\minimesaj\vendor\phpunit\phpunit\src\TextUI\Application.php(229): PHPUnit\TextUI\TestRunner->run(Object(PHPUnit\TextUI\Configuration\Configuration), Object(PHPUnit\Runner\ResultCache\DefaultResultCache), Object(PHPUnit\Framework\TestSuite))
#78 C:\Users\yetki\Herd\minimesaj\vendor\pestphp\pest\src\Kernel.php(103): PHPUnit\TextUI\Application->run(Array)
#79 C:\Users\yetki\Herd\minimesaj\vendor\pestphp\pest\bin\pest(184): Pest\Kernel->handle(Array, Array)
#80 C:\Users\yetki\Herd\minimesaj\vendor\pestphp\pest\bin\pest(192): {closure:C:\Users\yetki\Herd\minimesaj\vendor\pestphp\pest\bin\pest:18}()
#81 {main}

----------------------------------------------------------------------------------

SQLSTATE[HY000]: General error: 1 no such table: personal_access_tokens (Connection: sqlite, Database: :memory:, SQL: insert into "personal_access_tokens" ("name", "token", "abilities", "expires_at", "tokenable_id", "tokenable_type", "updated_at", "created_at") values (dating, 00356b49002e48a900f85bc3d0ab02bcb630312732a67b0aff98440dd8438ecb, ["dating","ai","odeme"], ?, 1, App\Models\User, 2026-04-07 08:58:26, 2026-04-07 08:58:26))

  at tests\Feature\KimlikTest.php:18
     14Ôûò         'password_confirmation' => 'sifre123',
     15Ôûò         'istemci_tipi' => 'dating',
     16Ôûò     ]);
     17Ôûò 
  ÔŞ£  18Ôûò     $yanit->assertStatus(201)
     19Ôûò         ->assertJsonStructure(['kullanici', 'token'])
     20Ôûò         ->assertJsonPath('kullanici.kullanici_adi', 'aliyilmaz');
     21Ôûò 
     22Ôûò     $this->assertDatabaseHas('users', ['kullanici_adi' => 'aliyilmaz']);

  ÔöÇÔöÇÔöÇÔöÇÔöÇÔöÇÔöÇÔöÇÔöÇÔöÇÔöÇÔöÇÔöÇÔöÇÔöÇÔöÇÔöÇÔöÇÔöÇÔöÇÔöÇÔöÇÔöÇÔöÇÔöÇÔöÇÔöÇÔöÇÔöÇÔöÇÔöÇÔöÇÔöÇÔöÇÔöÇÔöÇÔöÇÔöÇÔöÇÔöÇÔöÇÔöÇÔöÇÔöÇÔöÇÔöÇÔöÇÔöÇÔöÇÔöÇÔöÇÔöÇÔöÇÔöÇÔöÇÔöÇÔöÇÔöÇÔöÇÔöÇÔöÇÔöÇÔöÇÔöÇÔöÇÔöÇÔöÇÔöÇÔöÇÔöÇÔöÇÔöÇÔöÇÔöÇÔöÇÔöÇ  
   FAILED  Tests\Feature\KimlikTest > it extension istemci tipi ile kayit olÔÇĞ   
  Expected response status code [201] but received 500.
Failed asserting that 500 is identical to 201.

The following exception occurred during the last request:

PDOException: SQLSTATE[HY000]: General error: 1 no such table: personal_access_tokens in C:\Users\yetki\Herd\minimesaj\vendor\laravel\framework\src\Illuminate\Database\Connection.php:581
Stack trace:
#0 C:\Users\yetki\Herd\minimesaj\vendor\laravel\framework\src\Illuminate\Database\Connection.php(581): PDO->prepare('insert into "pe...')
#1 C:\Users\yetki\Herd\minimesaj\vendor\laravel\framework\src\Illuminate\Database\Connection.php(830): Illuminate\Database\Connection->{closure:Illuminate\Database\Connection::statement():576}('insert into "pe...', Array)
#2 C:\Users\yetki\Herd\minimesaj\vendor\laravel\framework\src\Illuminate\Database\Connection.php(797): Illuminate\Database\Connection->runQueryCallback('insert into "pe...', Array, Object(Closure))
#3 C:\Users\yetki\Herd\minimesaj\vendor\laravel\framework\src\Illuminate\Database\Connection.php(576): Illuminate\Database\Connection->run('insert into "pe...', Array, Object(Closure))
#4 C:\Users\yetki\Herd\minimesaj\vendor\laravel\framework\src\Illuminate\Database\Connection.php(540): Illuminate\Database\Connection->statement('insert into "pe...', Array)
#5 C:\Users\yetki\Herd\minimesaj\vendor\laravel\framework\src\Illuminate\Database\Query\Processors\Processor.php(32): Illuminate\Database\Connection->insert('insert into "pe...', Array)
#6 C:\Users\yetki\Herd\minimesaj\vendor\laravel\framework\src\Illuminate\Database\Query\Builder.php(4246): Illuminate\Database\Query\Processors\Processor->processInsertGetId(Object(Illuminate\Database\Query\Builder), 'insert into "pe...', Array, 'id')
#7 C:\Users\yetki\Herd\minimesaj\vendor\laravel\framework\src\Illuminate\Database\Eloquent\Builder.php(2270): Illuminate\Database\Query\Builder->insertGetId(Array, 'id')
#8 C:\Users\yetki\Herd\minimesaj\vendor\laravel\framework\src\Illuminate\Database\Eloquent\Model.php(1650): Illuminate\Database\Eloquent\Builder->__call('insertGetId', Array)
#9 C:\Users\yetki\Herd\minimesaj\vendor\laravel\framework\src\Illuminate\Database\Eloquent\Model.php(1566): Illuminate\Database\Eloquent\Model->insertAndSetId(Object(Illuminate\Database\Eloquent\Builder), Array)
#10 C:\Users\yetki\Herd\minimesaj\vendor\laravel\framework\src\Illuminate\Database\Eloquent\Model.php(1370): Illuminate\Database\Eloquent\Model->performInsert(Object(Illuminate\Database\Eloquent\Builder))
#11 C:\Users\yetki\Herd\minimesaj\vendor\laravel\framework\src\Illuminate\Database\Eloquent\Relations\HasOneOrMany.php(393): Illuminate\Database\Eloquent\Model->save()
#12 C:\Users\yetki\Herd\minimesaj\vendor\laravel\framework\src\Illuminate\Support\helpers.php(393): Illuminate\Database\Eloquent\Relations\HasOneOrMany->{closure:Illuminate\Database\Eloquent\Relations\HasOneOrMany::create():390}(Object(Laravel\Sanctum\PersonalAccessToken))
#13 C:\Users\yetki\Herd\minimesaj\vendor\laravel\framework\src\Illuminate\Database\Eloquent\Relations\HasOneOrMany.php(390): tap(Object(Laravel\Sanctum\PersonalAccessToken), Object(Closure))
#14 C:\Users\yetki\Herd\minimesaj\vendor\laravel\sanctum\src\HasApiTokens.php(64): Illuminate\Database\Eloquent\Relations\HasOneOrMany->create(Array)
#15 C:\Users\yetki\Herd\minimesaj\app\Http\Controllers\Kimlik\KimlikController.php(38): App\Models\User->createToken('extension', Array)
#16 C:\Users\yetki\Herd\minimesaj\vendor\laravel\framework\src\Illuminate\Routing\ControllerDispatcher.php(46): App\Http\Controllers\Kimlik\KimlikController->kayit(Object(Illuminate\Http\Request))
#17 C:\Users\yetki\Herd\minimesaj\vendor\laravel\framework\src\Illuminate\Routing\Route.php(269): Illuminate\Routing\ControllerDispatcher->dispatch(Object(Illuminate\Routing\Route), Object(App\Http\Controllers\Kimlik\KimlikController), 'kayit')
#18 C:\Users\yetki\Herd\minimesaj\vendor\laravel\framework\src\Illuminate\Routing\Route.php(215): Illuminate\Routing\Route->runController()
#19 C:\Users\yetki\Herd\minimesaj\vendor\laravel\framework\src\Illuminate\Routing\Router.php(822): Illuminate\Routing\Route->run()
#20 C:\Users\yetki\Herd\minimesaj\vendor\laravel\framework\src\Illuminate\Pipeline\Pipeline.php(180): Illuminate\Routing\Router->{closure:Illuminate\Routing\Router::runRouteWithinStack():821}(Object(Illuminate\Http\Request))
#21 C:\Users\yetki\Herd\minimesaj\vendor\laravel\framework\src\Illuminate\Routing\Middleware\SubstituteBindings.php(52): Illuminate\Pipeline\Pipeline->{closure:Illuminate\Pipeline\Pipeline::prepareDestination():178}(Object(Illuminate\Http\Request))
#22 C:\Users\yetki\Herd\minimesaj\vendor\laravel\framework\src\Illuminate\Pipeline\Pipeline.php(219): Illuminate\Routing\Middleware\SubstituteBindings->handle(Object(Illuminate\Http\Request), Object(Closure))
#23 C:\Users\yetki\Herd\minimesaj\vendor\laravel\framework\src\Illuminate\Routing\Middleware\ThrottleRequests.php(168): Illuminate\Pipeline\Pipeline->{closure:{closure:Illuminate\Pipeline\Pipeline::carry():194}:195}(Object(Illuminate\Http\Request))
#24 C:\Users\yetki\Herd\minimesaj\vendor\laravel\framework\src\Illuminate\Routing\Middleware\ThrottleRequests.php(129): Illuminate\Routing\Middleware\ThrottleRequests->handleRequest(Object(Illuminate\Http\Request), Object(Closure), Array)
#25 C:\Users\yetki\Herd\minimesaj\vendor\laravel\framework\src\Illuminate\Routing\Middleware\ThrottleRequests.php(90): Illuminate\Routing\Middleware\ThrottleRequests->handleRequestUsingNamedLimiter(Object(Illuminate\Http\Request), Object(Closure), 'auth', Object(Closure))
#26 C:\Users\yetki\Herd\minimesaj\vendor\laravel\framework\src\Illuminate\Pipeline\Pipeline.php(219): Illuminate\Routing\Middleware\ThrottleRequests->handle(Object(Illuminate\Http\Request), Object(Closure), 'auth')
#27 C:\Users\yetki\Herd\minimesaj\vendor\laravel\sanctum\src\Http\Middleware\EnsureFrontendRequestsAreStateful.php(26): Illuminate\Pipeline\Pipeline->{closure:{closure:Illuminate\Pipeline\Pipeline::carry():194}:195}(Object(Illuminate\Http\Request))
#28 C:\Users\yetki\Herd\minimesaj\vendor\laravel\framework\src\Illuminate\Pipeline\Pipeline.php(180): Laravel\Sanctum\Http\Middleware\EnsureFrontendRequestsAreStateful->{closure:Laravel\Sanctum\Http\Middleware\EnsureFrontendRequestsAreStateful::handle():25}(Object(Illuminate\Http\Request))
#29 C:\Users\yetki\Herd\minimesaj\vendor\laravel\framework\src\Illuminate\Pipeline\Pipeline.php(137): Illuminate\Pipeline\Pipeline->{closure:Illuminate\Pipeline\Pipeline::prepareDestination():178}(Object(Illuminate\Http\Request))
#30 C:\Users\yetki\Herd\minimesaj\vendor\laravel\sanctum\src\Http\Middleware\EnsureFrontendRequestsAreStateful.php(25): Illuminate\Pipeline\Pipeline->then(Object(Closure))
#31 C:\Users\yetki\Herd\minimesaj\vendor\laravel\framework\src\Illuminate\Pipeline\Pipeline.php(219): Laravel\Sanctum\Http\Middleware\EnsureFrontendRequestsAreStateful->handle(Object(Illuminate\Http\Request), Object(Closure))
#32 C:\Users\yetki\Herd\minimesaj\vendor\laravel\framework\src\Illuminate\Pipeline\Pipeline.php(137): Illuminate\Pipeline\Pipeline->{closure:{closure:Illuminate\Pipeline\Pipeline::carry():194}:195}(Object(Illuminate\Http\Request))
#33 C:\Users\yetki\Herd\minimesaj\vendor\laravel\framework\src\Illuminate\Routing\Router.php(821): Illuminate\Pipeline\Pipeline->then(Object(Closure))
#34 C:\Users\yetki\Herd\minimesaj\vendor\laravel\framework\src\Illuminate\Routing\Router.php(800): Illuminate\Routing\Router->runRouteWithinStack(Object(Illuminate\Routing\Route), Object(Illuminate\Http\Request))
#35 C:\Users\yetki\Herd\minimesaj\vendor\laravel\framework\src\Illuminate\Routing\Router.php(764): Illuminate\Routing\Router->runRoute(Object(Illuminate\Http\Request), Object(Illuminate\Routing\Route))
#36 C:\Users\yetki\Herd\minimesaj\vendor\laravel\framework\src\Illuminate\Routing\Router.php(753): Illuminate\Routing\Router->dispatchToRoute(Object(Illuminate\Http\Request))
#37 C:\Users\yetki\Herd\minimesaj\vendor\laravel\framework\src\Illuminate\Foundation\Http\Kernel.php(200): Illuminate\Routing\Router->dispatch(Object(Illuminate\Http\Request))
#38 C:\Users\yetki\Herd\minimesaj\vendor\laravel\framework\src\Illuminate\Pipeline\Pipeline.php(180): Illuminate\Foundation\Http\Kernel->{closure:Illuminate\Foundation\Http\Kernel::dispatchToRouter():197}(Object(Illuminate\Http\Request))
#39 C:\Users\yetki\Herd\minimesaj\vendor\laravel\framework\src\Illuminate\Foundation\Http\Middleware\TransformsRequest.php(21): Illuminate\Pipeline\Pipeline->{closure:Illuminate\Pipeline\Pipeline::prepareDestination():178}(Object(Illuminate\Http\Request))
#40 C:\Users\yetki\Herd\minimesaj\vendor\laravel\framework\src\Illuminate\Foundation\Http\Middleware\ConvertEmptyStringsToNull.php(31): Illuminate\Foundation\Http\Middleware\TransformsRequest->handle(Object(Illuminate\Http\Request), Object(Closure))
#41 C:\Users\yetki\Herd\minimesaj\vendor\laravel\framework\src\Illuminate\Pipeline\Pipeline.php(219): Illuminate\Foundation\Http\Middleware\ConvertEmptyStringsToNull->handle(Object(Illuminate\Http\Request), Object(Closure))
#42 C:\Users\yetki\Herd\minimesaj\vendor\laravel\framework\src\Illuminate\Foundation\Http\Middleware\TransformsRequest.php(21): Illuminate\Pipeline\Pipeline->{closure:{closure:Illuminate\Pipeline\Pipeline::carry():194}:195}(Object(Illuminate\Http\Request))
#43 C:\Users\yetki\Herd\minimesaj\vendor\laravel\framework\src\Illuminate\Foundation\Http\Middleware\TrimStrings.php(51): Illuminate\Foundation\Http\Middleware\TransformsRequest->handle(Object(Illuminate\Http\Request), Object(Closure))
#44 C:\Users\yetki\Herd\minimesaj\vendor\laravel\framework\src\Illuminate\Pipeline\Pipeline.php(219): Illuminate\Foundation\Http\Middleware\TrimStrings->handle(Object(Illuminate\Http\Request), Object(Closure))
#45 C:\Users\yetki\Herd\minimesaj\vendor\laravel\framework\src\Illuminate\Http\Middleware\ValidatePostSize.php(27): Illuminate\Pipeline\Pipeline->{closure:{closure:Illuminate\Pipeline\Pipeline::carry():194}:195}(Object(Illuminate\Http\Request))
#46 C:\Users\yetki\Herd\minimesaj\vendor\laravel\framework\src\Illuminate\Pipeline\Pipeline.php(219): Illuminate\Http\Middleware\ValidatePostSize->handle(Object(Illuminate\Http\Request), Object(Closure))
#47 C:\Users\yetki\Herd\minimesaj\vendor\laravel\framework\src\Illuminate\Foundation\Http\Middleware\PreventRequestsDuringMaintenance.php(109): Illuminate\Pipeline\Pipeline->{closure:{closure:Illuminate\Pipeline\Pipeline::carry():194}:195}(Object(Illuminate\Http\Request))
#48 C:\Users\yetki\Herd\minimesaj\vendor\laravel\framework\src\Illuminate\Pipeline\Pipeline.php(219): Illuminate\Foundation\Http\Middleware\PreventRequestsDuringMaintenance->handle(Object(Illuminate\Http\Request), Object(Closure))
#49 C:\Users\yetki\Herd\minimesaj\vendor\laravel\framework\src\Illuminate\Http\Middleware\HandleCors.php(74): Illuminate\Pipeline\Pipeline->{closure:{closure:Illuminate\Pipeline\Pipeline::carry():194}:195}(Object(Illuminate\Http\Request))
#50 C:\Users\yetki\Herd\minimesaj\vendor\laravel\framework\src\Illuminate\Pipeline\Pipeline.php(219): Illuminate\Http\Middleware\HandleCors->handle(Object(Illuminate\Http\Request), Object(Closure))
#51 C:\Users\yetki\Herd\minimesaj\vendor\laravel\framework\src\Illuminate\Http\Middleware\TrustProxies.php(58): Illuminate\Pipeline\Pipeline->{closure:{closure:Illuminate\Pipeline\Pipeline::carry():194}:195}(Object(Illuminate\Http\Request))
#52 C:\Users\yetki\Herd\minimesaj\vendor\laravel\framework\src\Illuminate\Pipeline\Pipeline.php(219): Illuminate\Http\Middleware\TrustProxies->handle(Object(Illuminate\Http\Request), Object(Closure))
#53 C:\Users\yetki\Herd\minimesaj\vendor\laravel\framework\src\Illuminate\Foundation\Http\Middleware\InvokeDeferredCallbacks.php(22): Illuminate\Pipeline\Pipeline->{closure:{closure:Illuminate\Pipeline\Pipeline::carry():194}:195}(Object(Illuminate\Http\Request))
#54 C:\Users\yetki\Herd\minimesaj\vendor\laravel\framework\src\Illuminate\Pipeline\Pipeline.php(219): Illuminate\Foundation\Http\Middleware\InvokeDeferredCallbacks->handle(Object(Illuminate\Http\Request), Object(Closure))
#55 C:\Users\yetki\Herd\minimesaj\vendor\laravel\framework\src\Illuminate\Http\Middleware\ValidatePathEncoding.php(28): Illuminate\Pipeline\Pipeline->{closure:{closure:Illuminate\Pipeline\Pipeline::carry():194}:195}(Object(Illuminate\Http\Request))
#56 C:\Users\yetki\Herd\minimesaj\vendor\laravel\framework\src\Illuminate\Pipeline\Pipeline.php(219): Illuminate\Http\Middleware\ValidatePathEncoding->handle(Object(Illuminate\Http\Request), Object(Closure))
#57 C:\Users\yetki\Herd\minimesaj\vendor\laravel\framework\src\Illuminate\Pipeline\Pipeline.php(137): Illuminate\Pipeline\Pipeline->{closure:{closure:Illuminate\Pipeline\Pipeline::carry():194}:195}(Object(Illuminate\Http\Request))
#58 C:\Users\yetki\Herd\minimesaj\vendor\laravel\framework\src\Illuminate\Foundation\Http\Kernel.php(175): Illuminate\Pipeline\Pipeline->then(Object(Closure))
#59 C:\Users\yetki\Herd\minimesaj\vendor\laravel\framework\src\Illuminate\Foundation\Http\Kernel.php(144): Illuminate\Foundation\Http\Kernel->sendRequestThroughRouter(Object(Illuminate\Http\Request))
#60 C:\Users\yetki\Herd\minimesaj\vendor\laravel\framework\src\Illuminate\Foundation\Testing\Concerns\MakesHttpRequests.php(607): Illuminate\Foundation\Http\Kernel->handle(Object(Illuminate\Http\Request))
#61 C:\Users\yetki\Herd\minimesaj\vendor\laravel\framework\src\Illuminate\Foundation\Testing\Concerns\MakesHttpRequests.php(573): Illuminate\Foundation\Testing\TestCase->call('POST', '/api/auth/kayit', Array, Array, Array, Array, '{"ad":"Zeynep",...')
#62 C:\Users\yetki\Herd\minimesaj\vendor\laravel\framework\src\Illuminate\Foundation\Testing\Concerns\MakesHttpRequests.php(411): Illuminate\Foundation\Testing\TestCase->json('POST', '/api/auth/kayit', Array, Array, 0)
#63 C:\Users\yetki\Herd\minimesaj\tests\Feature\KimlikTest.php(48): Illuminate\Foundation\Testing\TestCase->postJson('/api/auth/kayit', Array)
#64 C:\Users\yetki\Herd\minimesaj\vendor\pestphp\pest\src\Factories\TestCaseMethodFactory.php(172): P\Tests\Feature\KimlikTest->{closure:C:\Users\yetki\Herd\minimesaj\tests\Feature\KimlikTest.php:47}()
#65 [internal function]: P\Tests\Feature\KimlikTest->{closure:Pest\Factories\TestCaseMethodFactory::getClosure():162}()
#66 C:\Users\yetki\Herd\minimesaj\vendor\pestphp\pest\src\Concerns\Testable.php(429): call_user_func_array(Object(Closure), Array)
#67 C:\Users\yetki\Herd\minimesaj\vendor\pestphp\pest\src\Support\ExceptionTrace.php(26): P\Tests\Feature\KimlikTest->{closure:Pest\Concerns\Testable::__callClosure():429}()
#68 C:\Users\yetki\Herd\minimesaj\vendor\pestphp\pest\src\Concerns\Testable.php(429): Pest\Support\ExceptionTrace::ensure(Object(Closure))
#69 C:\Users\yetki\Herd\minimesaj\vendor\pestphp\pest\src\Concerns\Testable.php(331): P\Tests\Feature\KimlikTest->__callClosure(Object(Closure), Array)
#70 C:\Users\yetki\Herd\minimesaj\vendor\pestphp\pest\src\Factories\TestCaseFactory.php(175) : eval()'d code(44): P\Tests\Feature\KimlikTest->__runTest(Object(Closure))
#71 C:\Users\yetki\Herd\minimesaj\vendor\phpunit\phpunit\src\Framework\TestCase.php(1332): P\Tests\Feature\KimlikTest->__pest_evaluable_it_extension_istemci_tipi_ile_kayit_olunabilir()
#72 C:\Users\yetki\Herd\minimesaj\vendor\phpunit\phpunit\src\Framework\TestCase.php(519): PHPUnit\Framework\TestCase->runTest()
#73 C:\Users\yetki\Herd\minimesaj\vendor\phpunit\phpunit\src\Framework\TestRunner\TestRunner.php(99): PHPUnit\Framework\TestCase->runBare()
#74 C:\Users\yetki\Herd\minimesaj\vendor\phpunit\phpunit\src\Framework\TestCase.php(359): PHPUnit\Framework\TestRunner->run(Object(P\Tests\Feature\KimlikTest))
#75 C:\Users\yetki\Herd\minimesaj\vendor\phpunit\phpunit\src\Framework\TestSuite.php(374): PHPUnit\Framework\TestCase->run()
#76 C:\Users\yetki\Herd\minimesaj\vendor\phpunit\phpunit\src\Framework\TestSuite.php(374): PHPUnit\Framework\TestSuite->run()
#77 C:\Users\yetki\Herd\minimesaj\vendor\phpunit\phpunit\src\Framework\TestSuite.php(374): PHPUnit\Framework\TestSuite->run()
#78 C:\Users\yetki\Herd\minimesaj\vendor\phpunit\phpunit\src\TextUI\TestRunner.php(64): PHPUnit\Framework\TestSuite->run()
#79 C:\Users\yetki\Herd\minimesaj\vendor\phpunit\phpunit\src\TextUI\Application.php(229): PHPUnit\TextUI\TestRunner->run(Object(PHPUnit\TextUI\Configuration\Configuration), Object(PHPUnit\Runner\ResultCache\DefaultResultCache), Object(PHPUnit\Framework\TestSuite))
#80 C:\Users\yetki\Herd\minimesaj\vendor\pestphp\pest\src\Kernel.php(103): PHPUnit\TextUI\Application->run(Array)
#81 C:\Users\yetki\Herd\minimesaj\vendor\pestphp\pest\bin\pest(184): Pest\Kernel->handle(Array, Array)
#82 C:\Users\yetki\Herd\minimesaj\vendor\pestphp\pest\bin\pest(192): {closure:C:\Users\yetki\Herd\minimesaj\vendor\pestphp\pest\bin\pest:18}()
#83 {main}

Next Illuminate\Database\QueryException: SQLSTATE[HY000]: General error: 1 no such table: personal_access_tokens (Connection: sqlite, Database: :memory:, SQL: insert into "personal_access_tokens" ("name", "token", "abilities", "expires_at", "tokenable_id", "tokenable_type", "updated_at", "created_at") values (extension, bbc8b165734cc392d2492775ed9ea76ace0f0b7ae09b933a6ed16dac10a9adb1, ["extension","ai"], ?, 1, App\Models\User, 2026-04-07 08:58:26, 2026-04-07 08:58:26)) in C:\Users\yetki\Herd\minimesaj\vendor\laravel\framework\src\Illuminate\Database\Connection.php:841
Stack trace:
#0 C:\Users\yetki\Herd\minimesaj\vendor\laravel\framework\src\Illuminate\Database\Connection.php(797): Illuminate\Database\Connection->runQueryCallback('insert into "pe...', Array, Object(Closure))
#1 C:\Users\yetki\Herd\minimesaj\vendor\laravel\framework\src\Illuminate\Database\Connection.php(576): Illuminate\Database\Connection->run('insert into "pe...', Array, Object(Closure))
#2 C:\Users\yetki\Herd\minimesaj\vendor\laravel\framework\src\Illuminate\Database\Connection.php(540): Illuminate\Database\Connection->statement('insert into "pe...', Array)
#3 C:\Users\yetki\Herd\minimesaj\vendor\laravel\framework\src\Illuminate\Database\Query\Processors\Processor.php(32): Illuminate\Database\Connection->insert('insert into "pe...', Array)
#4 C:\Users\yetki\Herd\minimesaj\vendor\laravel\framework\src\Illuminate\Database\Query\Builder.php(4246): Illuminate\Database\Query\Processors\Processor->processInsertGetId(Object(Illuminate\Database\Query\Builder), 'insert into "pe...', Array, 'id')
#5 C:\Users\yetki\Herd\minimesaj\vendor\laravel\framework\src\Illuminate\Database\Eloquent\Builder.php(2270): Illuminate\Database\Query\Builder->insertGetId(Array, 'id')
#6 C:\Users\yetki\Herd\minimesaj\vendor\laravel\framework\src\Illuminate\Database\Eloquent\Model.php(1650): Illuminate\Database\Eloquent\Builder->__call('insertGetId', Array)
#7 C:\Users\yetki\Herd\minimesaj\vendor\laravel\framework\src\Illuminate\Database\Eloquent\Model.php(1566): Illuminate\Database\Eloquent\Model->insertAndSetId(Object(Illuminate\Database\Eloquent\Builder), Array)
#8 C:\Users\yetki\Herd\minimesaj\vendor\laravel\framework\src\Illuminate\Database\Eloquent\Model.php(1370): Illuminate\Database\Eloquent\Model->performInsert(Object(Illuminate\Database\Eloquent\Builder))
#9 C:\Users\yetki\Herd\minimesaj\vendor\laravel\framework\src\Illuminate\Database\Eloquent\Relations\HasOneOrMany.php(393): Illuminate\Database\Eloquent\Model->save()
#10 C:\Users\yetki\Herd\minimesaj\vendor\laravel\framework\src\Illuminate\Support\helpers.php(393): Illuminate\Database\Eloquent\Relations\HasOneOrMany->{closure:Illuminate\Database\Eloquent\Relations\HasOneOrMany::create():390}(Object(Laravel\Sanctum\PersonalAccessToken))
#11 C:\Users\yetki\Herd\minimesaj\vendor\laravel\framework\src\Illuminate\Database\Eloquent\Relations\HasOneOrMany.php(390): tap(Object(Laravel\Sanctum\PersonalAccessToken), Object(Closure))
#12 C:\Users\yetki\Herd\minimesaj\vendor\laravel\sanctum\src\HasApiTokens.php(64): Illuminate\Database\Eloquent\Relations\HasOneOrMany->create(Array)
#13 C:\Users\yetki\Herd\minimesaj\app\Http\Controllers\Kimlik\KimlikController.php(38): App\Models\User->createToken('extension', Array)
#14 C:\Users\yetki\Herd\minimesaj\vendor\laravel\framework\src\Illuminate\Routing\ControllerDispatcher.php(46): App\Http\Controllers\Kimlik\KimlikController->kayit(Object(Illuminate\Http\Request))
#15 C:\Users\yetki\Herd\minimesaj\vendor\laravel\framework\src\Illuminate\Routing\Route.php(269): Illuminate\Routing\ControllerDispatcher->dispatch(Object(Illuminate\Routing\Route), Object(App\Http\Controllers\Kimlik\KimlikController), 'kayit')
#16 C:\Users\yetki\Herd\minimesaj\vendor\laravel\framework\src\Illuminate\Routing\Route.php(215): Illuminate\Routing\Route->runController()
#17 C:\Users\yetki\Herd\minimesaj\vendor\laravel\framework\src\Illuminate\Routing\Router.php(822): Illuminate\Routing\Route->run()
#18 C:\Users\yetki\Herd\minimesaj\vendor\laravel\framework\src\Illuminate\Pipeline\Pipeline.php(180): Illuminate\Routing\Router->{closure:Illuminate\Routing\Router::runRouteWithinStack():821}(Object(Illuminate\Http\Request))
#19 C:\Users\yetki\Herd\minimesaj\vendor\laravel\framework\src\Illuminate\Routing\Middleware\SubstituteBindings.php(52): Illuminate\Pipeline\Pipeline->{closure:Illuminate\Pipeline\Pipeline::prepareDestination():178}(Object(Illuminate\Http\Request))
#20 C:\Users\yetki\Herd\minimesaj\vendor\laravel\framework\src\Illuminate\Pipeline\Pipeline.php(219): Illuminate\Routing\Middleware\SubstituteBindings->handle(Object(Illuminate\Http\Request), Object(Closure))
#21 C:\Users\yetki\Herd\minimesaj\vendor\laravel\framework\src\Illuminate\Routing\Middleware\ThrottleRequests.php(168): Illuminate\Pipeline\Pipeline->{closure:{closure:Illuminate\Pipeline\Pipeline::carry():194}:195}(Object(Illuminate\Http\Request))
#22 C:\Users\yetki\Herd\minimesaj\vendor\laravel\framework\src\Illuminate\Routing\Middleware\ThrottleRequests.php(129): Illuminate\Routing\Middleware\ThrottleRequests->handleRequest(Object(Illuminate\Http\Request), Object(Closure), Array)
#23 C:\Users\yetki\Herd\minimesaj\vendor\laravel\framework\src\Illuminate\Routing\Middleware\ThrottleRequests.php(90): Illuminate\Routing\Middleware\ThrottleRequests->handleRequestUsingNamedLimiter(Object(Illuminate\Http\Request), Object(Closure), 'auth', Object(Closure))
#24 C:\Users\yetki\Herd\minimesaj\vendor\laravel\framework\src\Illuminate\Pipeline\Pipeline.php(219): Illuminate\Routing\Middleware\ThrottleRequests->handle(Object(Illuminate\Http\Request), Object(Closure), 'auth')
#25 C:\Users\yetki\Herd\minimesaj\vendor\laravel\sanctum\src\Http\Middleware\EnsureFrontendRequestsAreStateful.php(26): Illuminate\Pipeline\Pipeline->{closure:{closure:Illuminate\Pipeline\Pipeline::carry():194}:195}(Object(Illuminate\Http\Request))
#26 C:\Users\yetki\Herd\minimesaj\vendor\laravel\framework\src\Illuminate\Pipeline\Pipeline.php(180): Laravel\Sanctum\Http\Middleware\EnsureFrontendRequestsAreStateful->{closure:Laravel\Sanctum\Http\Middleware\EnsureFrontendRequestsAreStateful::handle():25}(Object(Illuminate\Http\Request))
#27 C:\Users\yetki\Herd\minimesaj\vendor\laravel\framework\src\Illuminate\Pipeline\Pipeline.php(137): Illuminate\Pipeline\Pipeline->{closure:Illuminate\Pipeline\Pipeline::prepareDestination():178}(Object(Illuminate\Http\Request))
#28 C:\Users\yetki\Herd\minimesaj\vendor\laravel\sanctum\src\Http\Middleware\EnsureFrontendRequestsAreStateful.php(25): Illuminate\Pipeline\Pipeline->then(Object(Closure))
#29 C:\Users\yetki\Herd\minimesaj\vendor\laravel\framework\src\Illuminate\Pipeline\Pipeline.php(219): Laravel\Sanctum\Http\Middleware\EnsureFrontendRequestsAreStateful->handle(Object(Illuminate\Http\Request), Object(Closure))
#30 C:\Users\yetki\Herd\minimesaj\vendor\laravel\framework\src\Illuminate\Pipeline\Pipeline.php(137): Illuminate\Pipeline\Pipeline->{closure:{closure:Illuminate\Pipeline\Pipeline::carry():194}:195}(Object(Illuminate\Http\Request))
#31 C:\Users\yetki\Herd\minimesaj\vendor\laravel\framework\src\Illuminate\Routing\Router.php(821): Illuminate\Pipeline\Pipeline->then(Object(Closure))
#32 C:\Users\yetki\Herd\minimesaj\vendor\laravel\framework\src\Illuminate\Routing\Router.php(800): Illuminate\Routing\Router->runRouteWithinStack(Object(Illuminate\Routing\Route), Object(Illuminate\Http\Request))
#33 C:\Users\yetki\Herd\minimesaj\vendor\laravel\framework\src\Illuminate\Routing\Router.php(764): Illuminate\Routing\Router->runRoute(Object(Illuminate\Http\Request), Object(Illuminate\Routing\Route))
#34 C:\Users\yetki\Herd\minimesaj\vendor\laravel\framework\src\Illuminate\Routing\Router.php(753): Illuminate\Routing\Router->dispatchToRoute(Object(Illuminate\Http\Request))
#35 C:\Users\yetki\Herd\minimesaj\vendor\laravel\framework\src\Illuminate\Foundation\Http\Kernel.php(200): Illuminate\Routing\Router->dispatch(Object(Illuminate\Http\Request))
#36 C:\Users\yetki\Herd\minimesaj\vendor\laravel\framework\src\Illuminate\Pipeline\Pipeline.php(180): Illuminate\Foundation\Http\Kernel->{closure:Illuminate\Foundation\Http\Kernel::dispatchToRouter():197}(Object(Illuminate\Http\Request))
#37 C:\Users\yetki\Herd\minimesaj\vendor\laravel\framework\src\Illuminate\Foundation\Http\Middleware\TransformsRequest.php(21): Illuminate\Pipeline\Pipeline->{closure:Illuminate\Pipeline\Pipeline::prepareDestination():178}(Object(Illuminate\Http\Request))
#38 C:\Users\yetki\Herd\minimesaj\vendor\laravel\framework\src\Illuminate\Foundation\Http\Middleware\ConvertEmptyStringsToNull.php(31): Illuminate\Foundation\Http\Middleware\TransformsRequest->handle(Object(Illuminate\Http\Request), Object(Closure))
#39 C:\Users\yetki\Herd\minimesaj\vendor\laravel\framework\src\Illuminate\Pipeline\Pipeline.php(219): Illuminate\Foundation\Http\Middleware\ConvertEmptyStringsToNull->handle(Object(Illuminate\Http\Request), Object(Closure))
#40 C:\Users\yetki\Herd\minimesaj\vendor\laravel\framework\src\Illuminate\Foundation\Http\Middleware\TransformsRequest.php(21): Illuminate\Pipeline\Pipeline->{closure:{closure:Illuminate\Pipeline\Pipeline::carry():194}:195}(Object(Illuminate\Http\Request))
#41 C:\Users\yetki\Herd\minimesaj\vendor\laravel\framework\src\Illuminate\Foundation\Http\Middleware\TrimStrings.php(51): Illuminate\Foundation\Http\Middleware\TransformsRequest->handle(Object(Illuminate\Http\Request), Object(Closure))
#42 C:\Users\yetki\Herd\minimesaj\vendor\laravel\framework\src\Illuminate\Pipeline\Pipeline.php(219): Illuminate\Foundation\Http\Middleware\TrimStrings->handle(Object(Illuminate\Http\Request), Object(Closure))
#43 C:\Users\yetki\Herd\minimesaj\vendor\laravel\framework\src\Illuminate\Http\Middleware\ValidatePostSize.php(27): Illuminate\Pipeline\Pipeline->{closure:{closure:Illuminate\Pipeline\Pipeline::carry():194}:195}(Object(Illuminate\Http\Request))
#44 C:\Users\yetki\Herd\minimesaj\vendor\laravel\framework\src\Illuminate\Pipeline\Pipeline.php(219): Illuminate\Http\Middleware\ValidatePostSize->handle(Object(Illuminate\Http\Request), Object(Closure))
#45 C:\Users\yetki\Herd\minimesaj\vendor\laravel\framework\src\Illuminate\Foundation\Http\Middleware\PreventRequestsDuringMaintenance.php(109): Illuminate\Pipeline\Pipeline->{closure:{closure:Illuminate\Pipeline\Pipeline::carry():194}:195}(Object(Illuminate\Http\Request))
#46 C:\Users\yetki\Herd\minimesaj\vendor\laravel\framework\src\Illuminate\Pipeline\Pipeline.php(219): Illuminate\Foundation\Http\Middleware\PreventRequestsDuringMaintenance->handle(Object(Illuminate\Http\Request), Object(Closure))
#47 C:\Users\yetki\Herd\minimesaj\vendor\laravel\framework\src\Illuminate\Http\Middleware\HandleCors.php(74): Illuminate\Pipeline\Pipeline->{closure:{closure:Illuminate\Pipeline\Pipeline::carry():194}:195}(Object(Illuminate\Http\Request))
#48 C:\Users\yetki\Herd\minimesaj\vendor\laravel\framework\src\Illuminate\Pipeline\Pipeline.php(219): Illuminate\Http\Middleware\HandleCors->handle(Object(Illuminate\Http\Request), Object(Closure))
#49 C:\Users\yetki\Herd\minimesaj\vendor\laravel\framework\src\Illuminate\Http\Middleware\TrustProxies.php(58): Illuminate\Pipeline\Pipeline->{closure:{closure:Illuminate\Pipeline\Pipeline::carry():194}:195}(Object(Illuminate\Http\Request))
#50 C:\Users\yetki\Herd\minimesaj\vendor\laravel\framework\src\Illuminate\Pipeline\Pipeline.php(219): Illuminate\Http\Middleware\TrustProxies->handle(Object(Illuminate\Http\Request), Object(Closure))
#51 C:\Users\yetki\Herd\minimesaj\vendor\laravel\framework\src\Illuminate\Foundation\Http\Middleware\InvokeDeferredCallbacks.php(22): Illuminate\Pipeline\Pipeline->{closure:{closure:Illuminate\Pipeline\Pipeline::carry():194}:195}(Object(Illuminate\Http\Request))
#52 C:\Users\yetki\Herd\minimesaj\vendor\laravel\framework\src\Illuminate\Pipeline\Pipeline.php(219): Illuminate\Foundation\Http\Middleware\InvokeDeferredCallbacks->handle(Object(Illuminate\Http\Request), Object(Closure))
#53 C:\Users\yetki\Herd\minimesaj\vendor\laravel\framework\src\Illuminate\Http\Middleware\ValidatePathEncoding.php(28): Illuminate\Pipeline\Pipeline->{closure:{closure:Illuminate\Pipeline\Pipeline::carry():194}:195}(Object(Illuminate\Http\Request))
#54 C:\Users\yetki\Herd\minimesaj\vendor\laravel\framework\src\Illuminate\Pipeline\Pipeline.php(219): Illuminate\Http\Middleware\ValidatePathEncoding->handle(Object(Illuminate\Http\Request), Object(Closure))
#55 C:\Users\yetki\Herd\minimesaj\vendor\laravel\framework\src\Illuminate\Pipeline\Pipeline.php(137): Illuminate\Pipeline\Pipeline->{closure:{closure:Illuminate\Pipeline\Pipeline::carry():194}:195}(Object(Illuminate\Http\Request))
#56 C:\Users\yetki\Herd\minimesaj\vendor\laravel\framework\src\Illuminate\Foundation\Http\Kernel.php(175): Illuminate\Pipeline\Pipeline->then(Object(Closure))
#57 C:\Users\yetki\Herd\minimesaj\vendor\laravel\framework\src\Illuminate\Foundation\Http\Kernel.php(144): Illuminate\Foundation\Http\Kernel->sendRequestThroughRouter(Object(Illuminate\Http\Request))
#58 C:\Users\yetki\Herd\minimesaj\vendor\laravel\framework\src\Illuminate\Foundation\Testing\Concerns\MakesHttpRequests.php(607): Illuminate\Foundation\Http\Kernel->handle(Object(Illuminate\Http\Request))
#59 C:\Users\yetki\Herd\minimesaj\vendor\laravel\framework\src\Illuminate\Foundation\Testing\Concerns\MakesHttpRequests.php(573): Illuminate\Foundation\Testing\TestCase->call('POST', '/api/auth/kayit', Array, Array, Array, Array, '{"ad":"Zeynep",...')
#60 C:\Users\yetki\Herd\minimesaj\vendor\laravel\framework\src\Illuminate\Foundation\Testing\Concerns\MakesHttpRequests.php(411): Illuminate\Foundation\Testing\TestCase->json('POST', '/api/auth/kayit', Array, Array, 0)
#61 C:\Users\yetki\Herd\minimesaj\tests\Feature\KimlikTest.php(48): Illuminate\Foundation\Testing\TestCase->postJson('/api/auth/kayit', Array)
#62 C:\Users\yetki\Herd\minimesaj\vendor\pestphp\pest\src\Factories\TestCaseMethodFactory.php(172): P\Tests\Feature\KimlikTest->{closure:C:\Users\yetki\Herd\minimesaj\tests\Feature\KimlikTest.php:47}()
#63 [internal function]: P\Tests\Feature\KimlikTest->{closure:Pest\Factories\TestCaseMethodFactory::getClosure():162}()
#64 C:\Users\yetki\Herd\minimesaj\vendor\pestphp\pest\src\Concerns\Testable.php(429): call_user_func_array(Object(Closure), Array)
#65 C:\Users\yetki\Herd\minimesaj\vendor\pestphp\pest\src\Support\ExceptionTrace.php(26): P\Tests\Feature\KimlikTest->{closure:Pest\Concerns\Testable::__callClosure():429}()
#66 C:\Users\yetki\Herd\minimesaj\vendor\pestphp\pest\src\Concerns\Testable.php(429): Pest\Support\ExceptionTrace::ensure(Object(Closure))
#67 C:\Users\yetki\Herd\minimesaj\vendor\pestphp\pest\src\Concerns\Testable.php(331): P\Tests\Feature\KimlikTest->__callClosure(Object(Closure), Array)
#68 C:\Users\yetki\Herd\minimesaj\vendor\pestphp\pest\src\Factories\TestCaseFactory.php(175) : eval()'d code(44): P\Tests\Feature\KimlikTest->__runTest(Object(Closure))
#69 C:\Users\yetki\Herd\minimesaj\vendor\phpunit\phpunit\src\Framework\TestCase.php(1332): P\Tests\Feature\KimlikTest->__pest_evaluable_it_extension_istemci_tipi_ile_kayit_olunabilir()
#70 C:\Users\yetki\Herd\minimesaj\vendor\phpunit\phpunit\src\Framework\TestCase.php(519): PHPUnit\Framework\TestCase->runTest()
#71 C:\Users\yetki\Herd\minimesaj\vendor\phpunit\phpunit\src\Framework\TestRunner\TestRunner.php(99): PHPUnit\Framework\TestCase->runBare()
#72 C:\Users\yetki\Herd\minimesaj\vendor\phpunit\phpunit\src\Framework\TestCase.php(359): PHPUnit\Framework\TestRunner->run(Object(P\Tests\Feature\KimlikTest))
#73 C:\Users\yetki\Herd\minimesaj\vendor\phpunit\phpunit\src\Framework\TestSuite.php(374): PHPUnit\Framework\TestCase->run()
#74 C:\Users\yetki\Herd\minimesaj\vendor\phpunit\phpunit\src\Framework\TestSuite.php(374): PHPUnit\Framework\TestSuite->run()
#75 C:\Users\yetki\Herd\minimesaj\vendor\phpunit\phpunit\src\Framework\TestSuite.php(374): PHPUnit\Framework\TestSuite->run()
#76 C:\Users\yetki\Herd\minimesaj\vendor\phpunit\phpunit\src\TextUI\TestRunner.php(64): PHPUnit\Framework\TestSuite->run()
#77 C:\Users\yetki\Herd\minimesaj\vendor\phpunit\phpunit\src\TextUI\Application.php(229): PHPUnit\TextUI\TestRunner->run(Object(PHPUnit\TextUI\Configuration\Configuration), Object(PHPUnit\Runner\ResultCache\DefaultResultCache), Object(PHPUnit\Framework\TestSuite))
#78 C:\Users\yetki\Herd\minimesaj\vendor\pestphp\pest\src\Kernel.php(103): PHPUnit\TextUI\Application->run(Array)
#79 C:\Users\yetki\Herd\minimesaj\vendor\pestphp\pest\bin\pest(184): Pest\Kernel->handle(Array, Array)
#80 C:\Users\yetki\Herd\minimesaj\vendor\pestphp\pest\bin\pest(192): {closure:C:\Users\yetki\Herd\minimesaj\vendor\pestphp\pest\bin\pest:18}()
#81 {main}

----------------------------------------------------------------------------------

SQLSTATE[HY000]: General error: 1 no such table: personal_access_tokens (Connection: sqlite, Database: :memory:, SQL: insert into "personal_access_tokens" ("name", "token", "abilities", "expires_at", "tokenable_id", "tokenable_type", "updated_at", "created_at") values (extension, bbc8b165734cc392d2492775ed9ea76ace0f0b7ae09b933a6ed16dac10a9adb1, ["extension","ai"], ?, 1, App\Models\User, 2026-04-07 08:58:26, 2026-04-07 08:58:26))

  at tests\Feature\KimlikTest.php:56
     52Ôûò         'password_confirmation' => 'sifre123',
     53Ôûò         'istemci_tipi' => 'extension',
     54Ôûò     ]);
     55Ôûò 
  ÔŞ£  56Ôûò     $yanit->assertStatus(201)->assertJsonStructure(['token']);
     57Ôûò });
     58Ôûò 
     59Ôûò // ÔöÇÔöÇ Giri┼ş ÔöÇÔöÇÔöÇÔöÇÔöÇÔöÇÔöÇÔöÇÔöÇÔöÇÔöÇÔöÇÔöÇÔöÇÔöÇÔöÇÔöÇÔöÇÔöÇÔöÇÔöÇÔöÇÔöÇÔöÇÔöÇÔöÇÔöÇÔöÇÔöÇÔöÇÔöÇÔöÇÔöÇÔöÇÔöÇÔöÇÔöÇÔöÇÔöÇÔöÇÔöÇÔöÇÔöÇÔöÇÔöÇÔöÇÔöÇÔöÇÔöÇÔöÇÔöÇÔöÇÔöÇÔöÇÔöÇÔöÇÔöÇÔöÇÔöÇÔöÇ
     60Ôûò

  ÔöÇÔöÇÔöÇÔöÇÔöÇÔöÇÔöÇÔöÇÔöÇÔöÇÔöÇÔöÇÔöÇÔöÇÔöÇÔöÇÔöÇÔöÇÔöÇÔöÇÔöÇÔöÇÔöÇÔöÇÔöÇÔöÇÔöÇÔöÇÔöÇÔöÇÔöÇÔöÇÔöÇÔöÇÔöÇÔöÇÔöÇÔöÇÔöÇÔöÇÔöÇÔöÇÔöÇÔöÇÔöÇÔöÇÔöÇÔöÇÔöÇÔöÇÔöÇÔöÇÔöÇÔöÇÔöÇÔöÇÔöÇÔöÇÔöÇÔöÇÔöÇÔöÇÔöÇÔöÇÔöÇÔöÇÔöÇÔöÇÔöÇÔöÇÔöÇÔöÇÔöÇÔöÇÔöÇÔöÇ  
   FAILED  Tests\Feature\KimlikTest > it dogru bilgilerle giris yapilabilir     
  Expected response status code [200] but received 500.
Failed asserting that 500 is identical to 200.

The following exception occurred during the last request:

PDOException: SQLSTATE[HY000]: General error: 1 no such table: personal_access_tokens in C:\Users\yetki\Herd\minimesaj\vendor\laravel\framework\src\Illuminate\Database\Connection.php:581
Stack trace:
#0 C:\Users\yetki\Herd\minimesaj\vendor\laravel\framework\src\Illuminate\Database\Connection.php(581): PDO->prepare('insert into "pe...')
#1 C:\Users\yetki\Herd\minimesaj\vendor\laravel\framework\src\Illuminate\Database\Connection.php(830): Illuminate\Database\Connection->{closure:Illuminate\Database\Connection::statement():576}('insert into "pe...', Array)
#2 C:\Users\yetki\Herd\minimesaj\vendor\laravel\framework\src\Illuminate\Database\Connection.php(797): Illuminate\Database\Connection->runQueryCallback('insert into "pe...', Array, Object(Closure))
#3 C:\Users\yetki\Herd\minimesaj\vendor\laravel\framework\src\Illuminate\Database\Connection.php(576): Illuminate\Database\Connection->run('insert into "pe...', Array, Object(Closure))
#4 C:\Users\yetki\Herd\minimesaj\vendor\laravel\framework\src\Illuminate\Database\Connection.php(540): Illuminate\Database\Connection->statement('insert into "pe...', Array)
#5 C:\Users\yetki\Herd\minimesaj\vendor\laravel\framework\src\Illuminate\Database\Query\Processors\Processor.php(32): Illuminate\Database\Connection->insert('insert into "pe...', Array)
#6 C:\Users\yetki\Herd\minimesaj\vendor\laravel\framework\src\Illuminate\Database\Query\Builder.php(4246): Illuminate\Database\Query\Processors\Processor->processInsertGetId(Object(Illuminate\Database\Query\Builder), 'insert into "pe...', Array, 'id')
#7 C:\Users\yetki\Herd\minimesaj\vendor\laravel\framework\src\Illuminate\Database\Eloquent\Builder.php(2270): Illuminate\Database\Query\Builder->insertGetId(Array, 'id')
#8 C:\Users\yetki\Herd\minimesaj\vendor\laravel\framework\src\Illuminate\Database\Eloquent\Model.php(1650): Illuminate\Database\Eloquent\Builder->__call('insertGetId', Array)
#9 C:\Users\yetki\Herd\minimesaj\vendor\laravel\framework\src\Illuminate\Database\Eloquent\Model.php(1566): Illuminate\Database\Eloquent\Model->insertAndSetId(Object(Illuminate\Database\Eloquent\Builder), Array)
#10 C:\Users\yetki\Herd\minimesaj\vendor\laravel\framework\src\Illuminate\Database\Eloquent\Model.php(1370): Illuminate\Database\Eloquent\Model->performInsert(Object(Illuminate\Database\Eloquent\Builder))
#11 C:\Users\yetki\Herd\minimesaj\vendor\laravel\framework\src\Illuminate\Database\Eloquent\Relations\HasOneOrMany.php(393): Illuminate\Database\Eloquent\Model->save()
#12 C:\Users\yetki\Herd\minimesaj\vendor\laravel\framework\src\Illuminate\Support\helpers.php(393): Illuminate\Database\Eloquent\Relations\HasOneOrMany->{closure:Illuminate\Database\Eloquent\Relations\HasOneOrMany::create():390}(Object(Laravel\Sanctum\PersonalAccessToken))
#13 C:\Users\yetki\Herd\minimesaj\vendor\laravel\framework\src\Illuminate\Database\Eloquent\Relations\HasOneOrMany.php(390): tap(Object(Laravel\Sanctum\PersonalAccessToken), Object(Closure))
#14 C:\Users\yetki\Herd\minimesaj\vendor\laravel\sanctum\src\HasApiTokens.php(64): Illuminate\Database\Eloquent\Relations\HasOneOrMany->create(Array)
#15 C:\Users\yetki\Herd\minimesaj\app\Http\Controllers\Kimlik\KimlikController.php(69): App\Models\User->createToken('dating', Array)
#16 C:\Users\yetki\Herd\minimesaj\vendor\laravel\framework\src\Illuminate\Routing\ControllerDispatcher.php(46): App\Http\Controllers\Kimlik\KimlikController->giris(Object(Illuminate\Http\Request))
#17 C:\Users\yetki\Herd\minimesaj\vendor\laravel\framework\src\Illuminate\Routing\Route.php(269): Illuminate\Routing\ControllerDispatcher->dispatch(Object(Illuminate\Routing\Route), Object(App\Http\Controllers\Kimlik\KimlikController), 'giris')
#18 C:\Users\yetki\Herd\minimesaj\vendor\laravel\framework\src\Illuminate\Routing\Route.php(215): Illuminate\Routing\Route->runController()
#19 C:\Users\yetki\Herd\minimesaj\vendor\laravel\framework\src\Illuminate\Routing\Router.php(822): Illuminate\Routing\Route->run()
#20 C:\Users\yetki\Herd\minimesaj\vendor\laravel\framework\src\Illuminate\Pipeline\Pipeline.php(180): Illuminate\Routing\Router->{closure:Illuminate\Routing\Router::runRouteWithinStack():821}(Object(Illuminate\Http\Request))
#21 C:\Users\yetki\Herd\minimesaj\vendor\laravel\framework\src\Illuminate\Routing\Middleware\SubstituteBindings.php(52): Illuminate\Pipeline\Pipeline->{closure:Illuminate\Pipeline\Pipeline::prepareDestination():178}(Object(Illuminate\Http\Request))
#22 C:\Users\yetki\Herd\minimesaj\vendor\laravel\framework\src\Illuminate\Pipeline\Pipeline.php(219): Illuminate\Routing\Middleware\SubstituteBindings->handle(Object(Illuminate\Http\Request), Object(Closure))
#23 C:\Users\yetki\Herd\minimesaj\vendor\laravel\framework\src\Illuminate\Routing\Middleware\ThrottleRequests.php(168): Illuminate\Pipeline\Pipeline->{closure:{closure:Illuminate\Pipeline\Pipeline::carry():194}:195}(Object(Illuminate\Http\Request))
#24 C:\Users\yetki\Herd\minimesaj\vendor\laravel\framework\src\Illuminate\Routing\Middleware\ThrottleRequests.php(129): Illuminate\Routing\Middleware\ThrottleRequests->handleRequest(Object(Illuminate\Http\Request), Object(Closure), Array)
#25 C:\Users\yetki\Herd\minimesaj\vendor\laravel\framework\src\Illuminate\Routing\Middleware\ThrottleRequests.php(90): Illuminate\Routing\Middleware\ThrottleRequests->handleRequestUsingNamedLimiter(Object(Illuminate\Http\Request), Object(Closure), 'auth', Object(Closure))
#26 C:\Users\yetki\Herd\minimesaj\vendor\laravel\framework\src\Illuminate\Pipeline\Pipeline.php(219): Illuminate\Routing\Middleware\ThrottleRequests->handle(Object(Illuminate\Http\Request), Object(Closure), 'auth')
#27 C:\Users\yetki\Herd\minimesaj\vendor\laravel\sanctum\src\Http\Middleware\EnsureFrontendRequestsAreStateful.php(26): Illuminate\Pipeline\Pipeline->{closure:{closure:Illuminate\Pipeline\Pipeline::carry():194}:195}(Object(Illuminate\Http\Request))
#28 C:\Users\yetki\Herd\minimesaj\vendor\laravel\framework\src\Illuminate\Pipeline\Pipeline.php(180): Laravel\Sanctum\Http\Middleware\EnsureFrontendRequestsAreStateful->{closure:Laravel\Sanctum\Http\Middleware\EnsureFrontendRequestsAreStateful::handle():25}(Object(Illuminate\Http\Request))
#29 C:\Users\yetki\Herd\minimesaj\vendor\laravel\framework\src\Illuminate\Pipeline\Pipeline.php(137): Illuminate\Pipeline\Pipeline->{closure:Illuminate\Pipeline\Pipeline::prepareDestination():178}(Object(Illuminate\Http\Request))
#30 C:\Users\yetki\Herd\minimesaj\vendor\laravel\sanctum\src\Http\Middleware\EnsureFrontendRequestsAreStateful.php(25): Illuminate\Pipeline\Pipeline->then(Object(Closure))
#31 C:\Users\yetki\Herd\minimesaj\vendor\laravel\framework\src\Illuminate\Pipeline\Pipeline.php(219): Laravel\Sanctum\Http\Middleware\EnsureFrontendRequestsAreStateful->handle(Object(Illuminate\Http\Request), Object(Closure))
#32 C:\Users\yetki\Herd\minimesaj\vendor\laravel\framework\src\Illuminate\Pipeline\Pipeline.php(137): Illuminate\Pipeline\Pipeline->{closure:{closure:Illuminate\Pipeline\Pipeline::carry():194}:195}(Object(Illuminate\Http\Request))
#33 C:\Users\yetki\Herd\minimesaj\vendor\laravel\framework\src\Illuminate\Routing\Router.php(821): Illuminate\Pipeline\Pipeline->then(Object(Closure))
#34 C:\Users\yetki\Herd\minimesaj\vendor\laravel\framework\src\Illuminate\Routing\Router.php(800): Illuminate\Routing\Router->runRouteWithinStack(Object(Illuminate\Routing\Route), Object(Illuminate\Http\Request))
#35 C:\Users\yetki\Herd\minimesaj\vendor\laravel\framework\src\Illuminate\Routing\Router.php(764): Illuminate\Routing\Router->runRoute(Object(Illuminate\Http\Request), Object(Illuminate\Routing\Route))
#36 C:\Users\yetki\Herd\minimesaj\vendor\laravel\framework\src\Illuminate\Routing\Router.php(753): Illuminate\Routing\Router->dispatchToRoute(Object(Illuminate\Http\Request))
#37 C:\Users\yetki\Herd\minimesaj\vendor\laravel\framework\src\Illuminate\Foundation\Http\Kernel.php(200): Illuminate\Routing\Router->dispatch(Object(Illuminate\Http\Request))
#38 C:\Users\yetki\Herd\minimesaj\vendor\laravel\framework\src\Illuminate\Pipeline\Pipeline.php(180): Illuminate\Foundation\Http\Kernel->{closure:Illuminate\Foundation\Http\Kernel::dispatchToRouter():197}(Object(Illuminate\Http\Request))
#39 C:\Users\yetki\Herd\minimesaj\vendor\laravel\framework\src\Illuminate\Foundation\Http\Middleware\TransformsRequest.php(21): Illuminate\Pipeline\Pipeline->{closure:Illuminate\Pipeline\Pipeline::prepareDestination():178}(Object(Illuminate\Http\Request))
#40 C:\Users\yetki\Herd\minimesaj\vendor\laravel\framework\src\Illuminate\Foundation\Http\Middleware\ConvertEmptyStringsToNull.php(31): Illuminate\Foundation\Http\Middleware\TransformsRequest->handle(Object(Illuminate\Http\Request), Object(Closure))
#41 C:\Users\yetki\Herd\minimesaj\vendor\laravel\framework\src\Illuminate\Pipeline\Pipeline.php(219): Illuminate\Foundation\Http\Middleware\ConvertEmptyStringsToNull->handle(Object(Illuminate\Http\Request), Object(Closure))
#42 C:\Users\yetki\Herd\minimesaj\vendor\laravel\framework\src\Illuminate\Foundation\Http\Middleware\TransformsRequest.php(21): Illuminate\Pipeline\Pipeline->{closure:{closure:Illuminate\Pipeline\Pipeline::carry():194}:195}(Object(Illuminate\Http\Request))
#43 C:\Users\yetki\Herd\minimesaj\vendor\laravel\framework\src\Illuminate\Foundation\Http\Middleware\TrimStrings.php(51): Illuminate\Foundation\Http\Middleware\TransformsRequest->handle(Object(Illuminate\Http\Request), Object(Closure))
#44 C:\Users\yetki\Herd\minimesaj\vendor\laravel\framework\src\Illuminate\Pipeline\Pipeline.php(219): Illuminate\Foundation\Http\Middleware\TrimStrings->handle(Object(Illuminate\Http\Request), Object(Closure))
#45 C:\Users\yetki\Herd\minimesaj\vendor\laravel\framework\src\Illuminate\Http\Middleware\ValidatePostSize.php(27): Illuminate\Pipeline\Pipeline->{closure:{closure:Illuminate\Pipeline\Pipeline::carry():194}:195}(Object(Illuminate\Http\Request))
#46 C:\Users\yetki\Herd\minimesaj\vendor\laravel\framework\src\Illuminate\Pipeline\Pipeline.php(219): Illuminate\Http\Middleware\ValidatePostSize->handle(Object(Illuminate\Http\Request), Object(Closure))
#47 C:\Users\yetki\Herd\minimesaj\vendor\laravel\framework\src\Illuminate\Foundation\Http\Middleware\PreventRequestsDuringMaintenance.php(109): Illuminate\Pipeline\Pipeline->{closure:{closure:Illuminate\Pipeline\Pipeline::carry():194}:195}(Object(Illuminate\Http\Request))
#48 C:\Users\yetki\Herd\minimesaj\vendor\laravel\framework\src\Illuminate\Pipeline\Pipeline.php(219): Illuminate\Foundation\Http\Middleware\PreventRequestsDuringMaintenance->handle(Object(Illuminate\Http\Request), Object(Closure))
#49 C:\Users\yetki\Herd\minimesaj\vendor\laravel\framework\src\Illuminate\Http\Middleware\HandleCors.php(74): Illuminate\Pipeline\Pipeline->{closure:{closure:Illuminate\Pipeline\Pipeline::carry():194}:195}(Object(Illuminate\Http\Request))
#50 C:\Users\yetki\Herd\minimesaj\vendor\laravel\framework\src\Illuminate\Pipeline\Pipeline.php(219): Illuminate\Http\Middleware\HandleCors->handle(Object(Illuminate\Http\Request), Object(Closure))
#51 C:\Users\yetki\Herd\minimesaj\vendor\laravel\framework\src\Illuminate\Http\Middleware\TrustProxies.php(58): Illuminate\Pipeline\Pipeline->{closure:{closure:Illuminate\Pipeline\Pipeline::carry():194}:195}(Object(Illuminate\Http\Request))
#52 C:\Users\yetki\Herd\minimesaj\vendor\laravel\framework\src\Illuminate\Pipeline\Pipeline.php(219): Illuminate\Http\Middleware\TrustProxies->handle(Object(Illuminate\Http\Request), Object(Closure))
#53 C:\Users\yetki\Herd\minimesaj\vendor\laravel\framework\src\Illuminate\Foundation\Http\Middleware\InvokeDeferredCallbacks.php(22): Illuminate\Pipeline\Pipeline->{closure:{closure:Illuminate\Pipeline\Pipeline::carry():194}:195}(Object(Illuminate\Http\Request))
#54 C:\Users\yetki\Herd\minimesaj\vendor\laravel\framework\src\Illuminate\Pipeline\Pipeline.php(219): Illuminate\Foundation\Http\Middleware\InvokeDeferredCallbacks->handle(Object(Illuminate\Http\Request), Object(Closure))
#55 C:\Users\yetki\Herd\minimesaj\vendor\laravel\framework\src\Illuminate\Http\Middleware\ValidatePathEncoding.php(28): Illuminate\Pipeline\Pipeline->{closure:{closure:Illuminate\Pipeline\Pipeline::carry():194}:195}(Object(Illuminate\Http\Request))
#56 C:\Users\yetki\Herd\minimesaj\vendor\laravel\framework\src\Illuminate\Pipeline\Pipeline.php(219): Illuminate\Http\Middleware\ValidatePathEncoding->handle(Object(Illuminate\Http\Request), Object(Closure))
#57 C:\Users\yetki\Herd\minimesaj\vendor\laravel\framework\src\Illuminate\Pipeline\Pipeline.php(137): Illuminate\Pipeline\Pipeline->{closure:{closure:Illuminate\Pipeline\Pipeline::carry():194}:195}(Object(Illuminate\Http\Request))
#58 C:\Users\yetki\Herd\minimesaj\vendor\laravel\framework\src\Illuminate\Foundation\Http\Kernel.php(175): Illuminate\Pipeline\Pipeline->then(Object(Closure))
#59 C:\Users\yetki\Herd\minimesaj\vendor\laravel\framework\src\Illuminate\Foundation\Http\Kernel.php(144): Illuminate\Foundation\Http\Kernel->sendRequestThroughRouter(Object(Illuminate\Http\Request))
#60 C:\Users\yetki\Herd\minimesaj\vendor\laravel\framework\src\Illuminate\Foundation\Testing\Concerns\MakesHttpRequests.php(607): Illuminate\Foundation\Http\Kernel->handle(Object(Illuminate\Http\Request))
#61 C:\Users\yetki\Herd\minimesaj\vendor\laravel\framework\src\Illuminate\Foundation\Testing\Concerns\MakesHttpRequests.php(573): Illuminate\Foundation\Testing\TestCase->call('POST', '/api/auth/giris', Array, Array, Array, Array, '{"kullanici_adi...')
#62 C:\Users\yetki\Herd\minimesaj\vendor\laravel\framework\src\Illuminate\Foundation\Testing\Concerns\MakesHttpRequests.php(411): Illuminate\Foundation\Testing\TestCase->json('POST', '/api/auth/giris', Array, Array, 0)
#63 C:\Users\yetki\Herd\minimesaj\tests\Feature\KimlikTest.php(67): Illuminate\Foundation\Testing\TestCase->postJson('/api/auth/giris', Array)
#64 C:\Users\yetki\Herd\minimesaj\vendor\pestphp\pest\src\Factories\TestCaseMethodFactory.php(172): P\Tests\Feature\KimlikTest->{closure:C:\Users\yetki\Herd\minimesaj\tests\Feature\KimlikTest.php:61}()
#65 [internal function]: P\Tests\Feature\KimlikTest->{closure:Pest\Factories\TestCaseMethodFactory::getClosure():162}()
#66 C:\Users\yetki\Herd\minimesaj\vendor\pestphp\pest\src\Concerns\Testable.php(429): call_user_func_array(Object(Closure), Array)
#67 C:\Users\yetki\Herd\minimesaj\vendor\pestphp\pest\src\Support\ExceptionTrace.php(26): P\Tests\Feature\KimlikTest->{closure:Pest\Concerns\Testable::__callClosure():429}()
#68 C:\Users\yetki\Herd\minimesaj\vendor\pestphp\pest\src\Concerns\Testable.php(429): Pest\Support\ExceptionTrace::ensure(Object(Closure))
#69 C:\Users\yetki\Herd\minimesaj\vendor\pestphp\pest\src\Concerns\Testable.php(331): P\Tests\Feature\KimlikTest->__callClosure(Object(Closure), Array)
#70 C:\Users\yetki\Herd\minimesaj\vendor\pestphp\pest\src\Factories\TestCaseFactory.php(175) : eval()'d code(53): P\Tests\Feature\KimlikTest->__runTest(Object(Closure))
#71 C:\Users\yetki\Herd\minimesaj\vendor\phpunit\phpunit\src\Framework\TestCase.php(1332): P\Tests\Feature\KimlikTest->__pest_evaluable_it_dogru_bilgilerle_giris_yapilabilir()
#72 C:\Users\yetki\Herd\minimesaj\vendor\phpunit\phpunit\src\Framework\TestCase.php(519): PHPUnit\Framework\TestCase->runTest()
#73 C:\Users\yetki\Herd\minimesaj\vendor\phpunit\phpunit\src\Framework\TestRunner\TestRunner.php(99): PHPUnit\Framework\TestCase->runBare()
#74 C:\Users\yetki\Herd\minimesaj\vendor\phpunit\phpunit\src\Framework\TestCase.php(359): PHPUnit\Framework\TestRunner->run(Object(P\Tests\Feature\KimlikTest))
#75 C:\Users\yetki\Herd\minimesaj\vendor\phpunit\phpunit\src\Framework\TestSuite.php(374): PHPUnit\Framework\TestCase->run()
#76 C:\Users\yetki\Herd\minimesaj\vendor\phpunit\phpunit\src\Framework\TestSuite.php(374): PHPUnit\Framework\TestSuite->run()
#77 C:\Users\yetki\Herd\minimesaj\vendor\phpunit\phpunit\src\Framework\TestSuite.php(374): PHPUnit\Framework\TestSuite->run()
#78 C:\Users\yetki\Herd\minimesaj\vendor\phpunit\phpunit\src\TextUI\TestRunner.php(64): PHPUnit\Framework\TestSuite->run()
#79 C:\Users\yetki\Herd\minimesaj\vendor\phpunit\phpunit\src\TextUI\Application.php(229): PHPUnit\TextUI\TestRunner->run(Object(PHPUnit\TextUI\Configuration\Configuration), Object(PHPUnit\Runner\ResultCache\DefaultResultCache), Object(PHPUnit\Framework\TestSuite))
#80 C:\Users\yetki\Herd\minimesaj\vendor\pestphp\pest\src\Kernel.php(103): PHPUnit\TextUI\Application->run(Array)
#81 C:\Users\yetki\Herd\minimesaj\vendor\pestphp\pest\bin\pest(184): Pest\Kernel->handle(Array, Array)
#82 C:\Users\yetki\Herd\minimesaj\vendor\pestphp\pest\bin\pest(192): {closure:C:\Users\yetki\Herd\minimesaj\vendor\pestphp\pest\bin\pest:18}()
#83 {main}

Next Illuminate\Database\QueryException: SQLSTATE[HY000]: General error: 1 no such table: personal_access_tokens (Connection: sqlite, Database: :memory:, SQL: insert into "personal_access_tokens" ("name", "token", "abilities", "expires_at", "tokenable_id", "tokenable_type", "updated_at", "created_at") values (dating, b811e68d3c05e51e9b0f8de04bfe5fe911951bf8f992cddba53574c2be0f6a96, ["dating","ai","odeme"], ?, 1, App\Models\User, 2026-04-07 08:58:27, 2026-04-07 08:58:27)) in C:\Users\yetki\Herd\minimesaj\vendor\laravel\framework\src\Illuminate\Database\Connection.php:841
Stack trace:
#0 C:\Users\yetki\Herd\minimesaj\vendor\laravel\framework\src\Illuminate\Database\Connection.php(797): Illuminate\Database\Connection->runQueryCallback('insert into "pe...', Array, Object(Closure))
#1 C:\Users\yetki\Herd\minimesaj\vendor\laravel\framework\src\Illuminate\Database\Connection.php(576): Illuminate\Database\Connection->run('insert into "pe...', Array, Object(Closure))
#2 C:\Users\yetki\Herd\minimesaj\vendor\laravel\framework\src\Illuminate\Database\Connection.php(540): Illuminate\Database\Connection->statement('insert into "pe...', Array)
#3 C:\Users\yetki\Herd\minimesaj\vendor\laravel\framework\src\Illuminate\Database\Query\Processors\Processor.php(32): Illuminate\Database\Connection->insert('insert into "pe...', Array)
#4 C:\Users\yetki\Herd\minimesaj\vendor\laravel\framework\src\Illuminate\Database\Query\Builder.php(4246): Illuminate\Database\Query\Processors\Processor->processInsertGetId(Object(Illuminate\Database\Query\Builder), 'insert into "pe...', Array, 'id')
#5 C:\Users\yetki\Herd\minimesaj\vendor\laravel\framework\src\Illuminate\Database\Eloquent\Builder.php(2270): Illuminate\Database\Query\Builder->insertGetId(Array, 'id')
#6 C:\Users\yetki\Herd\minimesaj\vendor\laravel\framework\src\Illuminate\Database\Eloquent\Model.php(1650): Illuminate\Database\Eloquent\Builder->__call('insertGetId', Array)
#7 C:\Users\yetki\Herd\minimesaj\vendor\laravel\framework\src\Illuminate\Database\Eloquent\Model.php(1566): Illuminate\Database\Eloquent\Model->insertAndSetId(Object(Illuminate\Database\Eloquent\Builder), Array)
#8 C:\Users\yetki\Herd\minimesaj\vendor\laravel\framework\src\Illuminate\Database\Eloquent\Model.php(1370): Illuminate\Database\Eloquent\Model->performInsert(Object(Illuminate\Database\Eloquent\Builder))
#9 C:\Users\yetki\Herd\minimesaj\vendor\laravel\framework\src\Illuminate\Database\Eloquent\Relations\HasOneOrMany.php(393): Illuminate\Database\Eloquent\Model->save()
#10 C:\Users\yetki\Herd\minimesaj\vendor\laravel\framework\src\Illuminate\Support\helpers.php(393): Illuminate\Database\Eloquent\Relations\HasOneOrMany->{closure:Illuminate\Database\Eloquent\Relations\HasOneOrMany::create():390}(Object(Laravel\Sanctum\PersonalAccessToken))
#11 C:\Users\yetki\Herd\minimesaj\vendor\laravel\framework\src\Illuminate\Database\Eloquent\Relations\HasOneOrMany.php(390): tap(Object(Laravel\Sanctum\PersonalAccessToken), Object(Closure))
#12 C:\Users\yetki\Herd\minimesaj\vendor\laravel\sanctum\src\HasApiTokens.php(64): Illuminate\Database\Eloquent\Relations\HasOneOrMany->create(Array)
#13 C:\Users\yetki\Herd\minimesaj\app\Http\Controllers\Kimlik\KimlikController.php(69): App\Models\User->createToken('dating', Array)
#14 C:\Users\yetki\Herd\minimesaj\vendor\laravel\framework\src\Illuminate\Routing\ControllerDispatcher.php(46): App\Http\Controllers\Kimlik\KimlikController->giris(Object(Illuminate\Http\Request))
#15 C:\Users\yetki\Herd\minimesaj\vendor\laravel\framework\src\Illuminate\Routing\Route.php(269): Illuminate\Routing\ControllerDispatcher->dispatch(Object(Illuminate\Routing\Route), Object(App\Http\Controllers\Kimlik\KimlikController), 'giris')
#16 C:\Users\yetki\Herd\minimesaj\vendor\laravel\framework\src\Illuminate\Routing\Route.php(215): Illuminate\Routing\Route->runController()
#17 C:\Users\yetki\Herd\minimesaj\vendor\laravel\framework\src\Illuminate\Routing\Router.php(822): Illuminate\Routing\Route->run()
#18 C:\Users\yetki\Herd\minimesaj\vendor\laravel\framework\src\Illuminate\Pipeline\Pipeline.php(180): Illuminate\Routing\Router->{closure:Illuminate\Routing\Router::runRouteWithinStack():821}(Object(Illuminate\Http\Request))
#19 C:\Users\yetki\Herd\minimesaj\vendor\laravel\framework\src\Illuminate\Routing\Middleware\SubstituteBindings.php(52): Illuminate\Pipeline\Pipeline->{closure:Illuminate\Pipeline\Pipeline::prepareDestination():178}(Object(Illuminate\Http\Request))
#20 C:\Users\yetki\Herd\minimesaj\vendor\laravel\framework\src\Illuminate\Pipeline\Pipeline.php(219): Illuminate\Routing\Middleware\SubstituteBindings->handle(Object(Illuminate\Http\Request), Object(Closure))
#21 C:\Users\yetki\Herd\minimesaj\vendor\laravel\framework\src\Illuminate\Routing\Middleware\ThrottleRequests.php(168): Illuminate\Pipeline\Pipeline->{closure:{closure:Illuminate\Pipeline\Pipeline::carry():194}:195}(Object(Illuminate\Http\Request))
#22 C:\Users\yetki\Herd\minimesaj\vendor\laravel\framework\src\Illuminate\Routing\Middleware\ThrottleRequests.php(129): Illuminate\Routing\Middleware\ThrottleRequests->handleRequest(Object(Illuminate\Http\Request), Object(Closure), Array)
#23 C:\Users\yetki\Herd\minimesaj\vendor\laravel\framework\src\Illuminate\Routing\Middleware\ThrottleRequests.php(90): Illuminate\Routing\Middleware\ThrottleRequests->handleRequestUsingNamedLimiter(Object(Illuminate\Http\Request), Object(Closure), 'auth', Object(Closure))
#24 C:\Users\yetki\Herd\minimesaj\vendor\laravel\framework\src\Illuminate\Pipeline\Pipeline.php(219): Illuminate\Routing\Middleware\ThrottleRequests->handle(Object(Illuminate\Http\Request), Object(Closure), 'auth')
#25 C:\Users\yetki\Herd\minimesaj\vendor\laravel\sanctum\src\Http\Middleware\EnsureFrontendRequestsAreStateful.php(26): Illuminate\Pipeline\Pipeline->{closure:{closure:Illuminate\Pipeline\Pipeline::carry():194}:195}(Object(Illuminate\Http\Request))
#26 C:\Users\yetki\Herd\minimesaj\vendor\laravel\framework\src\Illuminate\Pipeline\Pipeline.php(180): Laravel\Sanctum\Http\Middleware\EnsureFrontendRequestsAreStateful->{closure:Laravel\Sanctum\Http\Middleware\EnsureFrontendRequestsAreStateful::handle():25}(Object(Illuminate\Http\Request))
#27 C:\Users\yetki\Herd\minimesaj\vendor\laravel\framework\src\Illuminate\Pipeline\Pipeline.php(137): Illuminate\Pipeline\Pipeline->{closure:Illuminate\Pipeline\Pipeline::prepareDestination():178}(Object(Illuminate\Http\Request))
#28 C:\Users\yetki\Herd\minimesaj\vendor\laravel\sanctum\src\Http\Middleware\EnsureFrontendRequestsAreStateful.php(25): Illuminate\Pipeline\Pipeline->then(Object(Closure))
#29 C:\Users\yetki\Herd\minimesaj\vendor\laravel\framework\src\Illuminate\Pipeline\Pipeline.php(219): Laravel\Sanctum\Http\Middleware\EnsureFrontendRequestsAreStateful->handle(Object(Illuminate\Http\Request), Object(Closure))
#30 C:\Users\yetki\Herd\minimesaj\vendor\laravel\framework\src\Illuminate\Pipeline\Pipeline.php(137): Illuminate\Pipeline\Pipeline->{closure:{closure:Illuminate\Pipeline\Pipeline::carry():194}:195}(Object(Illuminate\Http\Request))
#31 C:\Users\yetki\Herd\minimesaj\vendor\laravel\framework\src\Illuminate\Routing\Router.php(821): Illuminate\Pipeline\Pipeline->then(Object(Closure))
#32 C:\Users\yetki\Herd\minimesaj\vendor\laravel\framework\src\Illuminate\Routing\Router.php(800): Illuminate\Routing\Router->runRouteWithinStack(Object(Illuminate\Routing\Route), Object(Illuminate\Http\Request))
#33 C:\Users\yetki\Herd\minimesaj\vendor\laravel\framework\src\Illuminate\Routing\Router.php(764): Illuminate\Routing\Router->runRoute(Object(Illuminate\Http\Request), Object(Illuminate\Routing\Route))
#34 C:\Users\yetki\Herd\minimesaj\vendor\laravel\framework\src\Illuminate\Routing\Router.php(753): Illuminate\Routing\Router->dispatchToRoute(Object(Illuminate\Http\Request))
#35 C:\Users\yetki\Herd\minimesaj\vendor\laravel\framework\src\Illuminate\Foundation\Http\Kernel.php(200): Illuminate\Routing\Router->dispatch(Object(Illuminate\Http\Request))
#36 C:\Users\yetki\Herd\minimesaj\vendor\laravel\framework\src\Illuminate\Pipeline\Pipeline.php(180): Illuminate\Foundation\Http\Kernel->{closure:Illuminate\Foundation\Http\Kernel::dispatchToRouter():197}(Object(Illuminate\Http\Request))
#37 C:\Users\yetki\Herd\minimesaj\vendor\laravel\framework\src\Illuminate\Foundation\Http\Middleware\TransformsRequest.php(21): Illuminate\Pipeline\Pipeline->{closure:Illuminate\Pipeline\Pipeline::prepareDestination():178}(Object(Illuminate\Http\Request))
#38 C:\Users\yetki\Herd\minimesaj\vendor\laravel\framework\src\Illuminate\Foundation\Http\Middleware\ConvertEmptyStringsToNull.php(31): Illuminate\Foundation\Http\Middleware\TransformsRequest->handle(Object(Illuminate\Http\Request), Object(Closure))
#39 C:\Users\yetki\Herd\minimesaj\vendor\laravel\framework\src\Illuminate\Pipeline\Pipeline.php(219): Illuminate\Foundation\Http\Middleware\ConvertEmptyStringsToNull->handle(Object(Illuminate\Http\Request), Object(Closure))
#40 C:\Users\yetki\Herd\minimesaj\vendor\laravel\framework\src\Illuminate\Foundation\Http\Middleware\TransformsRequest.php(21): Illuminate\Pipeline\Pipeline->{closure:{closure:Illuminate\Pipeline\Pipeline::carry():194}:195}(Object(Illuminate\Http\Request))
#41 C:\Users\yetki\Herd\minimesaj\vendor\laravel\framework\src\Illuminate\Foundation\Http\Middleware\TrimStrings.php(51): Illuminate\Foundation\Http\Middleware\TransformsRequest->handle(Object(Illuminate\Http\Request), Object(Closure))
#42 C:\Users\yetki\Herd\minimesaj\vendor\laravel\framework\src\Illuminate\Pipeline\Pipeline.php(219): Illuminate\Foundation\Http\Middleware\TrimStrings->handle(Object(Illuminate\Http\Request), Object(Closure))
#43 C:\Users\yetki\Herd\minimesaj\vendor\laravel\framework\src\Illuminate\Http\Middleware\ValidatePostSize.php(27): Illuminate\Pipeline\Pipeline->{closure:{closure:Illuminate\Pipeline\Pipeline::carry():194}:195}(Object(Illuminate\Http\Request))
#44 C:\Users\yetki\Herd\minimesaj\vendor\laravel\framework\src\Illuminate\Pipeline\Pipeline.php(219): Illuminate\Http\Middleware\ValidatePostSize->handle(Object(Illuminate\Http\Request), Object(Closure))
#45 C:\Users\yetki\Herd\minimesaj\vendor\laravel\framework\src\Illuminate\Foundation\Http\Middleware\PreventRequestsDuringMaintenance.php(109): Illuminate\Pipeline\Pipeline->{closure:{closure:Illuminate\Pipeline\Pipeline::carry():194}:195}(Object(Illuminate\Http\Request))
#46 C:\Users\yetki\Herd\minimesaj\vendor\laravel\framework\src\Illuminate\Pipeline\Pipeline.php(219): Illuminate\Foundation\Http\Middleware\PreventRequestsDuringMaintenance->handle(Object(Illuminate\Http\Request), Object(Closure))
#47 C:\Users\yetki\Herd\minimesaj\vendor\laravel\framework\src\Illuminate\Http\Middleware\HandleCors.php(74): Illuminate\Pipeline\Pipeline->{closure:{closure:Illuminate\Pipeline\Pipeline::carry():194}:195}(Object(Illuminate\Http\Request))
#48 C:\Users\yetki\Herd\minimesaj\vendor\laravel\framework\src\Illuminate\Pipeline\Pipeline.php(219): Illuminate\Http\Middleware\HandleCors->handle(Object(Illuminate\Http\Request), Object(Closure))
#49 C:\Users\yetki\Herd\minimesaj\vendor\laravel\framework\src\Illuminate\Http\Middleware\TrustProxies.php(58): Illuminate\Pipeline\Pipeline->{closure:{closure:Illuminate\Pipeline\Pipeline::carry():194}:195}(Object(Illuminate\Http\Request))
#50 C:\Users\yetki\Herd\minimesaj\vendor\laravel\framework\src\Illuminate\Pipeline\Pipeline.php(219): Illuminate\Http\Middleware\TrustProxies->handle(Object(Illuminate\Http\Request), Object(Closure))
#51 C:\Users\yetki\Herd\minimesaj\vendor\laravel\framework\src\Illuminate\Foundation\Http\Middleware\InvokeDeferredCallbacks.php(22): Illuminate\Pipeline\Pipeline->{closure:{closure:Illuminate\Pipeline\Pipeline::carry():194}:195}(Object(Illuminate\Http\Request))
#52 C:\Users\yetki\Herd\minimesaj\vendor\laravel\framework\src\Illuminate\Pipeline\Pipeline.php(219): Illuminate\Foundation\Http\Middleware\InvokeDeferredCallbacks->handle(Object(Illuminate\Http\Request), Object(Closure))
#53 C:\Users\yetki\Herd\minimesaj\vendor\laravel\framework\src\Illuminate\Http\Middleware\ValidatePathEncoding.php(28): Illuminate\Pipeline\Pipeline->{closure:{closure:Illuminate\Pipeline\Pipeline::carry():194}:195}(Object(Illuminate\Http\Request))
#54 C:\Users\yetki\Herd\minimesaj\vendor\laravel\framework\src\Illuminate\Pipeline\Pipeline.php(219): Illuminate\Http\Middleware\ValidatePathEncoding->handle(Object(Illuminate\Http\Request), Object(Closure))
#55 C:\Users\yetki\Herd\minimesaj\vendor\laravel\framework\src\Illuminate\Pipeline\Pipeline.php(137): Illuminate\Pipeline\Pipeline->{closure:{closure:Illuminate\Pipeline\Pipeline::carry():194}:195}(Object(Illuminate\Http\Request))
#56 C:\Users\yetki\Herd\minimesaj\vendor\laravel\framework\src\Illuminate\Foundation\Http\Kernel.php(175): Illuminate\Pipeline\Pipeline->then(Object(Closure))
#57 C:\Users\yetki\Herd\minimesaj\vendor\laravel\framework\src\Illuminate\Foundation\Http\Kernel.php(144): Illuminate\Foundation\Http\Kernel->sendRequestThroughRouter(Object(Illuminate\Http\Request))
#58 C:\Users\yetki\Herd\minimesaj\vendor\laravel\framework\src\Illuminate\Foundation\Testing\Concerns\MakesHttpRequests.php(607): Illuminate\Foundation\Http\Kernel->handle(Object(Illuminate\Http\Request))
#59 C:\Users\yetki\Herd\minimesaj\vendor\laravel\framework\src\Illuminate\Foundation\Testing\Concerns\MakesHttpRequests.php(573): Illuminate\Foundation\Testing\TestCase->call('POST', '/api/auth/giris', Array, Array, Array, Array, '{"kullanici_adi...')
#60 C:\Users\yetki\Herd\minimesaj\vendor\laravel\framework\src\Illuminate\Foundation\Testing\Concerns\MakesHttpRequests.php(411): Illuminate\Foundation\Testing\TestCase->json('POST', '/api/auth/giris', Array, Array, 0)
#61 C:\Users\yetki\Herd\minimesaj\tests\Feature\KimlikTest.php(67): Illuminate\Foundation\Testing\TestCase->postJson('/api/auth/giris', Array)
#62 C:\Users\yetki\Herd\minimesaj\vendor\pestphp\pest\src\Factories\TestCaseMethodFactory.php(172): P\Tests\Feature\KimlikTest->{closure:C:\Users\yetki\Herd\minimesaj\tests\Feature\KimlikTest.php:61}()
#63 [internal function]: P\Tests\Feature\KimlikTest->{closure:Pest\Factories\TestCaseMethodFactory::getClosure():162}()
#64 C:\Users\yetki\Herd\minimesaj\vendor\pestphp\pest\src\Concerns\Testable.php(429): call_user_func_array(Object(Closure), Array)
#65 C:\Users\yetki\Herd\minimesaj\vendor\pestphp\pest\src\Support\ExceptionTrace.php(26): P\Tests\Feature\KimlikTest->{closure:Pest\Concerns\Testable::__callClosure():429}()
#66 C:\Users\yetki\Herd\minimesaj\vendor\pestphp\pest\src\Concerns\Testable.php(429): Pest\Support\ExceptionTrace::ensure(Object(Closure))
#67 C:\Users\yetki\Herd\minimesaj\vendor\pestphp\pest\src\Concerns\Testable.php(331): P\Tests\Feature\KimlikTest->__callClosure(Object(Closure), Array)
#68 C:\Users\yetki\Herd\minimesaj\vendor\pestphp\pest\src\Factories\TestCaseFactory.php(175) : eval()'d code(53): P\Tests\Feature\KimlikTest->__runTest(Object(Closure))
#69 C:\Users\yetki\Herd\minimesaj\vendor\phpunit\phpunit\src\Framework\TestCase.php(1332): P\Tests\Feature\KimlikTest->__pest_evaluable_it_dogru_bilgilerle_giris_yapilabilir()
#70 C:\Users\yetki\Herd\minimesaj\vendor\phpunit\phpunit\src\Framework\TestCase.php(519): PHPUnit\Framework\TestCase->runTest()
#71 C:\Users\yetki\Herd\minimesaj\vendor\phpunit\phpunit\src\Framework\TestRunner\TestRunner.php(99): PHPUnit\Framework\TestCase->runBare()
#72 C:\Users\yetki\Herd\minimesaj\vendor\phpunit\phpunit\src\Framework\TestCase.php(359): PHPUnit\Framework\TestRunner->run(Object(P\Tests\Feature\KimlikTest))
#73 C:\Users\yetki\Herd\minimesaj\vendor\phpunit\phpunit\src\Framework\TestSuite.php(374): PHPUnit\Framework\TestCase->run()
#74 C:\Users\yetki\Herd\minimesaj\vendor\phpunit\phpunit\src\Framework\TestSuite.php(374): PHPUnit\Framework\TestSuite->run()
#75 C:\Users\yetki\Herd\minimesaj\vendor\phpunit\phpunit\src\Framework\TestSuite.php(374): PHPUnit\Framework\TestSuite->run()
#76 C:\Users\yetki\Herd\minimesaj\vendor\phpunit\phpunit\src\TextUI\TestRunner.php(64): PHPUnit\Framework\TestSuite->run()
#77 C:\Users\yetki\Herd\minimesaj\vendor\phpunit\phpunit\src\TextUI\Application.php(229): PHPUnit\TextUI\TestRunner->run(Object(PHPUnit\TextUI\Configuration\Configuration), Object(PHPUnit\Runner\ResultCache\DefaultResultCache), Object(PHPUnit\Framework\TestSuite))
#78 C:\Users\yetki\Herd\minimesaj\vendor\pestphp\pest\src\Kernel.php(103): PHPUnit\TextUI\Application->run(Array)
#79 C:\Users\yetki\Herd\minimesaj\vendor\pestphp\pest\bin\pest(184): Pest\Kernel->handle(Array, Array)
#80 C:\Users\yetki\Herd\minimesaj\vendor\pestphp\pest\bin\pest(192): {closure:C:\Users\yetki\Herd\minimesaj\vendor\pestphp\pest\bin\pest:18}()
#81 {main}

----------------------------------------------------------------------------------

SQLSTATE[HY000]: General error: 1 no such table: personal_access_tokens (Connection: sqlite, Database: :memory:, SQL: insert into "personal_access_tokens" ("name", "token", "abilities", "expires_at", "tokenable_id", "tokenable_type", "updated_at", "created_at") values (dating, b811e68d3c05e51e9b0f8de04bfe5fe911951bf8f992cddba53574c2be0f6a96, ["dating","ai","odeme"], ?, 1, App\Models\User, 2026-04-07 08:58:27, 2026-04-07 08:58:27))

  at tests\Feature\KimlikTest.php:73
     69Ôûò         'password' => 'sifre123',
     70Ôûò         'istemci_tipi' => 'dating',
     71Ôûò     ]);
     72Ôûò 
  ÔŞ£  73Ôûò     $yanit->assertOk()
     74Ôûò         ->assertJsonStructure(['kullanici', 'token']);
     75Ôûò });
     76Ôûò 
     77Ôûò it('yanlis sifre ile giris reddedilir', function () {

  ÔöÇÔöÇÔöÇÔöÇÔöÇÔöÇÔöÇÔöÇÔöÇÔöÇÔöÇÔöÇÔöÇÔöÇÔöÇÔöÇÔöÇÔöÇÔöÇÔöÇÔöÇÔöÇÔöÇÔöÇÔöÇÔöÇÔöÇÔöÇÔöÇÔöÇÔöÇÔöÇÔöÇÔöÇÔöÇÔöÇÔöÇÔöÇÔöÇÔöÇÔöÇÔöÇÔöÇÔöÇÔöÇÔöÇÔöÇÔöÇÔöÇÔöÇÔöÇÔöÇÔöÇÔöÇÔöÇÔöÇÔöÇÔöÇÔöÇÔöÇÔöÇÔöÇÔöÇÔöÇÔöÇÔöÇÔöÇÔöÇÔöÇÔöÇÔöÇÔöÇÔöÇÔöÇÔöÇÔöÇ  
   FAILED  Tests\Feature\KimlikTest > it pasif hesapla girisÔÇĞ  QueryException   
  SQLSTATE[23000]: Integrity constraint violation: 19 CHECK constraint failed: hesap_durumu (Connection: sqlite, Database: :memory:, SQL: insert into "users" ("ad", "soyad", "kullanici_adi", "email", "email_verified_at", "password", "hesap_tipi", "hesap_durumu", "dogum_yili", "cinsiyet", "ulke", "il", "biyografi", "mevcut_puan", "gunluk_ucretsiz_hak", "remember_token", "updated_at", "created_at") values (Sinem, Tu─şluk, pasifhesap, volkman.jason@example.net, 2026-04-07 08:58:27, $2y$04$PHiS7u0uSDKAKA0TtwTjCutlFQbdqPwOLDEw15LGE/ScvrFt1oozm, user, askida, 1996, erkek, T├╝rkiye, ┼Şanl─▒urfa, Ea ut quos quis incidunt nostrum aut ipsum., 39, 3, HPviJyjGY3, 2026-04-07 08:58:27, 2026-04-07 08:58:27))

  at vendor\laravel\framework\src\Illuminate\Database\Connection.php:587
    583Ôûò             $this->bindValues($statement, $this->prepareBindings($bindings));
    584Ôûò 
    585Ôûò             $this->recordsHaveBeenModified();
    586Ôûò 
  ÔŞ£ 587Ôûò             return $statement->execute();
    588Ôûò         });
    589Ôûò     }
    590Ôûò 
    591Ôûò     /**

  1   vendor\laravel\framework\src\Illuminate\Database\Connection.php:587
  2   vendor\laravel\framework\src\Illuminate\Database\Connection.php:830

  ÔöÇÔöÇÔöÇÔöÇÔöÇÔöÇÔöÇÔöÇÔöÇÔöÇÔöÇÔöÇÔöÇÔöÇÔöÇÔöÇÔöÇÔöÇÔöÇÔöÇÔöÇÔöÇÔöÇÔöÇÔöÇÔöÇÔöÇÔöÇÔöÇÔöÇÔöÇÔöÇÔöÇÔöÇÔöÇÔöÇÔöÇÔöÇÔöÇÔöÇÔöÇÔöÇÔöÇÔöÇÔöÇÔöÇÔöÇÔöÇÔöÇÔöÇÔöÇÔöÇÔöÇÔöÇÔöÇÔöÇÔöÇÔöÇÔöÇÔöÇÔöÇÔöÇÔöÇÔöÇÔöÇÔöÇÔöÇÔöÇÔöÇÔöÇÔöÇÔöÇÔöÇÔöÇÔöÇÔöÇ  
   FAILED  Tests\Feature\KimlikTest > it oturum acik iken cikis yapilabilir     
  Expected response status code [200] but received 500.
Failed asserting that 500 is identical to 200.

The following exception occurred during the last request:

Error: Call to undefined method Laravel\Sanctum\TransientToken::delete() in C:\Users\yetki\Herd\minimesaj\app\Http\Controllers\Kimlik\KimlikController.php:79
Stack trace:
#0 C:\Users\yetki\Herd\minimesaj\vendor\laravel\framework\src\Illuminate\Routing\ControllerDispatcher.php(46): App\Http\Controllers\Kimlik\KimlikController->cikis(Object(Illuminate\Http\Request))
#1 C:\Users\yetki\Herd\minimesaj\vendor\laravel\framework\src\Illuminate\Routing\Route.php(269): Illuminate\Routing\ControllerDispatcher->dispatch(Object(Illuminate\Routing\Route), Object(App\Http\Controllers\Kimlik\KimlikController), 'cikis')
#2 C:\Users\yetki\Herd\minimesaj\vendor\laravel\framework\src\Illuminate\Routing\Route.php(215): Illuminate\Routing\Route->runController()
#3 C:\Users\yetki\Herd\minimesaj\vendor\laravel\framework\src\Illuminate\Routing\Router.php(822): Illuminate\Routing\Route->run()
#4 C:\Users\yetki\Herd\minimesaj\vendor\laravel\framework\src\Illuminate\Pipeline\Pipeline.php(180): Illuminate\Routing\Router->{closure:Illuminate\Routing\Router::runRouteWithinStack():821}(Object(Illuminate\Http\Request))
#5 C:\Users\yetki\Herd\minimesaj\vendor\laravel\framework\src\Illuminate\Routing\Middleware\SubstituteBindings.php(52): Illuminate\Pipeline\Pipeline->{closure:Illuminate\Pipeline\Pipeline::prepareDestination():178}(Object(Illuminate\Http\Request))
#6 C:\Users\yetki\Herd\minimesaj\vendor\laravel\framework\src\Illuminate\Pipeline\Pipeline.php(219): Illuminate\Routing\Middleware\SubstituteBindings->handle(Object(Illuminate\Http\Request), Object(Closure))
#7 C:\Users\yetki\Herd\minimesaj\vendor\laravel\framework\src\Illuminate\Routing\Middleware\ThrottleRequests.php(168): Illuminate\Pipeline\Pipeline->{closure:{closure:Illuminate\Pipeline\Pipeline::carry():194}:195}(Object(Illuminate\Http\Request))
#8 C:\Users\yetki\Herd\minimesaj\vendor\laravel\framework\src\Illuminate\Routing\Middleware\ThrottleRequests.php(129): Illuminate\Routing\Middleware\ThrottleRequests->handleRequest(Object(Illuminate\Http\Request), Object(Closure), Array)
#9 C:\Users\yetki\Herd\minimesaj\vendor\laravel\framework\src\Illuminate\Routing\Middleware\ThrottleRequests.php(90): Illuminate\Routing\Middleware\ThrottleRequests->handleRequestUsingNamedLimiter(Object(Illuminate\Http\Request), Object(Closure), 'api', Object(Closure))
#10 C:\Users\yetki\Herd\minimesaj\vendor\laravel\framework\src\Illuminate\Pipeline\Pipeline.php(219): Illuminate\Routing\Middleware\ThrottleRequests->handle(Object(Illuminate\Http\Request), Object(Closure), 'api')
#11 C:\Users\yetki\Herd\minimesaj\vendor\laravel\framework\src\Illuminate\Auth\Middleware\Authenticate.php(63): Illuminate\Pipeline\Pipeline->{closure:{closure:Illuminate\Pipeline\Pipeline::carry():194}:195}(Object(Illuminate\Http\Request))
#12 C:\Users\yetki\Herd\minimesaj\vendor\laravel\framework\src\Illuminate\Pipeline\Pipeline.php(219): Illuminate\Auth\Middleware\Authenticate->handle(Object(Illuminate\Http\Request), Object(Closure), 'sanctum')
#13 C:\Users\yetki\Herd\minimesaj\vendor\laravel\sanctum\src\Http\Middleware\EnsureFrontendRequestsAreStateful.php(26): Illuminate\Pipeline\Pipeline->{closure:{closure:Illuminate\Pipeline\Pipeline::carry():194}:195}(Object(Illuminate\Http\Request))
#14 C:\Users\yetki\Herd\minimesaj\vendor\laravel\framework\src\Illuminate\Pipeline\Pipeline.php(180): Laravel\Sanctum\Http\Middleware\EnsureFrontendRequestsAreStateful->{closure:Laravel\Sanctum\Http\Middleware\EnsureFrontendRequestsAreStateful::handle():25}(Object(Illuminate\Http\Request))
#15 C:\Users\yetki\Herd\minimesaj\vendor\laravel\framework\src\Illuminate\Pipeline\Pipeline.php(137): Illuminate\Pipeline\Pipeline->{closure:Illuminate\Pipeline\Pipeline::prepareDestination():178}(Object(Illuminate\Http\Request))
#16 C:\Users\yetki\Herd\minimesaj\vendor\laravel\sanctum\src\Http\Middleware\EnsureFrontendRequestsAreStateful.php(25): Illuminate\Pipeline\Pipeline->then(Object(Closure))
#17 C:\Users\yetki\Herd\minimesaj\vendor\laravel\framework\src\Illuminate\Pipeline\Pipeline.php(219): Laravel\Sanctum\Http\Middleware\EnsureFrontendRequestsAreStateful->handle(Object(Illuminate\Http\Request), Object(Closure))
#18 C:\Users\yetki\Herd\minimesaj\vendor\laravel\framework\src\Illuminate\Pipeline\Pipeline.php(137): Illuminate\Pipeline\Pipeline->{closure:{closure:Illuminate\Pipeline\Pipeline::carry():194}:195}(Object(Illuminate\Http\Request))
#19 C:\Users\yetki\Herd\minimesaj\vendor\laravel\framework\src\Illuminate\Routing\Router.php(821): Illuminate\Pipeline\Pipeline->then(Object(Closure))
#20 C:\Users\yetki\Herd\minimesaj\vendor\laravel\framework\src\Illuminate\Routing\Router.php(800): Illuminate\Routing\Router->runRouteWithinStack(Object(Illuminate\Routing\Route), Object(Illuminate\Http\Request))
#21 C:\Users\yetki\Herd\minimesaj\vendor\laravel\framework\src\Illuminate\Routing\Router.php(764): Illuminate\Routing\Router->runRoute(Object(Illuminate\Http\Request), Object(Illuminate\Routing\Route))
#22 C:\Users\yetki\Herd\minimesaj\vendor\laravel\framework\src\Illuminate\Routing\Router.php(753): Illuminate\Routing\Router->dispatchToRoute(Object(Illuminate\Http\Request))
#23 C:\Users\yetki\Herd\minimesaj\vendor\laravel\framework\src\Illuminate\Foundation\Http\Kernel.php(200): Illuminate\Routing\Router->dispatch(Object(Illuminate\Http\Request))
#24 C:\Users\yetki\Herd\minimesaj\vendor\laravel\framework\src\Illuminate\Pipeline\Pipeline.php(180): Illuminate\Foundation\Http\Kernel->{closure:Illuminate\Foundation\Http\Kernel::dispatchToRouter():197}(Object(Illuminate\Http\Request))
#25 C:\Users\yetki\Herd\minimesaj\vendor\laravel\framework\src\Illuminate\Foundation\Http\Middleware\TransformsRequest.php(21): Illuminate\Pipeline\Pipeline->{closure:Illuminate\Pipeline\Pipeline::prepareDestination():178}(Object(Illuminate\Http\Request))
#26 C:\Users\yetki\Herd\minimesaj\vendor\laravel\framework\src\Illuminate\Foundation\Http\Middleware\ConvertEmptyStringsToNull.php(31): Illuminate\Foundation\Http\Middleware\TransformsRequest->handle(Object(Illuminate\Http\Request), Object(Closure))
#27 C:\Users\yetki\Herd\minimesaj\vendor\laravel\framework\src\Illuminate\Pipeline\Pipeline.php(219): Illuminate\Foundation\Http\Middleware\ConvertEmptyStringsToNull->handle(Object(Illuminate\Http\Request), Object(Closure))
#28 C:\Users\yetki\Herd\minimesaj\vendor\laravel\framework\src\Illuminate\Foundation\Http\Middleware\TransformsRequest.php(21): Illuminate\Pipeline\Pipeline->{closure:{closure:Illuminate\Pipeline\Pipeline::carry():194}:195}(Object(Illuminate\Http\Request))
#29 C:\Users\yetki\Herd\minimesaj\vendor\laravel\framework\src\Illuminate\Foundation\Http\Middleware\TrimStrings.php(51): Illuminate\Foundation\Http\Middleware\TransformsRequest->handle(Object(Illuminate\Http\Request), Object(Closure))
#30 C:\Users\yetki\Herd\minimesaj\vendor\laravel\framework\src\Illuminate\Pipeline\Pipeline.php(219): Illuminate\Foundation\Http\Middleware\TrimStrings->handle(Object(Illuminate\Http\Request), Object(Closure))
#31 C:\Users\yetki\Herd\minimesaj\vendor\laravel\framework\src\Illuminate\Http\Middleware\ValidatePostSize.php(27): Illuminate\Pipeline\Pipeline->{closure:{closure:Illuminate\Pipeline\Pipeline::carry():194}:195}(Object(Illuminate\Http\Request))
#32 C:\Users\yetki\Herd\minimesaj\vendor\laravel\framework\src\Illuminate\Pipeline\Pipeline.php(219): Illuminate\Http\Middleware\ValidatePostSize->handle(Object(Illuminate\Http\Request), Object(Closure))
#33 C:\Users\yetki\Herd\minimesaj\vendor\laravel\framework\src\Illuminate\Foundation\Http\Middleware\PreventRequestsDuringMaintenance.php(109): Illuminate\Pipeline\Pipeline->{closure:{closure:Illuminate\Pipeline\Pipeline::carry():194}:195}(Object(Illuminate\Http\Request))
#34 C:\Users\yetki\Herd\minimesaj\vendor\laravel\framework\src\Illuminate\Pipeline\Pipeline.php(219): Illuminate\Foundation\Http\Middleware\PreventRequestsDuringMaintenance->handle(Object(Illuminate\Http\Request), Object(Closure))
#35 C:\Users\yetki\Herd\minimesaj\vendor\laravel\framework\src\Illuminate\Http\Middleware\HandleCors.php(74): Illuminate\Pipeline\Pipeline->{closure:{closure:Illuminate\Pipeline\Pipeline::carry():194}:195}(Object(Illuminate\Http\Request))
#36 C:\Users\yetki\Herd\minimesaj\vendor\laravel\framework\src\Illuminate\Pipeline\Pipeline.php(219): Illuminate\Http\Middleware\HandleCors->handle(Object(Illuminate\Http\Request), Object(Closure))
#37 C:\Users\yetki\Herd\minimesaj\vendor\laravel\framework\src\Illuminate\Http\Middleware\TrustProxies.php(58): Illuminate\Pipeline\Pipeline->{closure:{closure:Illuminate\Pipeline\Pipeline::carry():194}:195}(Object(Illuminate\Http\Request))
#38 C:\Users\yetki\Herd\minimesaj\vendor\laravel\framework\src\Illuminate\Pipeline\Pipeline.php(219): Illuminate\Http\Middleware\TrustProxies->handle(Object(Illuminate\Http\Request), Object(Closure))
#39 C:\Users\yetki\Herd\minimesaj\vendor\laravel\framework\src\Illuminate\Foundation\Http\Middleware\InvokeDeferredCallbacks.php(22): Illuminate\Pipeline\Pipeline->{closure:{closure:Illuminate\Pipeline\Pipeline::carry():194}:195}(Object(Illuminate\Http\Request))
#40 C:\Users\yetki\Herd\minimesaj\vendor\laravel\framework\src\Illuminate\Pipeline\Pipeline.php(219): Illuminate\Foundation\Http\Middleware\InvokeDeferredCallbacks->handle(Object(Illuminate\Http\Request), Object(Closure))
#41 C:\Users\yetki\Herd\minimesaj\vendor\laravel\framework\src\Illuminate\Http\Middleware\ValidatePathEncoding.php(28): Illuminate\Pipeline\Pipeline->{closure:{closure:Illuminate\Pipeline\Pipeline::carry():194}:195}(Object(Illuminate\Http\Request))
#42 C:\Users\yetki\Herd\minimesaj\vendor\laravel\framework\src\Illuminate\Pipeline\Pipeline.php(219): Illuminate\Http\Middleware\ValidatePathEncoding->handle(Object(Illuminate\Http\Request), Object(Closure))
#43 C:\Users\yetki\Herd\minimesaj\vendor\laravel\framework\src\Illuminate\Pipeline\Pipeline.php(137): Illuminate\Pipeline\Pipeline->{closure:{closure:Illuminate\Pipeline\Pipeline::carry():194}:195}(Object(Illuminate\Http\Request))
#44 C:\Users\yetki\Herd\minimesaj\vendor\laravel\framework\src\Illuminate\Foundation\Http\Kernel.php(175): Illuminate\Pipeline\Pipeline->then(Object(Closure))
#45 C:\Users\yetki\Herd\minimesaj\vendor\laravel\framework\src\Illuminate\Foundation\Http\Kernel.php(144): Illuminate\Foundation\Http\Kernel->sendRequestThroughRouter(Object(Illuminate\Http\Request))
#46 C:\Users\yetki\Herd\minimesaj\vendor\laravel\framework\src\Illuminate\Foundation\Testing\Concerns\MakesHttpRequests.php(607): Illuminate\Foundation\Http\Kernel->handle(Object(Illuminate\Http\Request))
#47 C:\Users\yetki\Herd\minimesaj\vendor\laravel\framework\src\Illuminate\Foundation\Testing\Concerns\MakesHttpRequests.php(573): Illuminate\Foundation\Testing\TestCase->call('POST', '/api/auth/cikis', Array, Array, Array, Array, '[]')
#48 C:\Users\yetki\Herd\minimesaj\vendor\laravel\framework\src\Illuminate\Foundation\Testing\Concerns\MakesHttpRequests.php(411): Illuminate\Foundation\Testing\TestCase->json('POST', '/api/auth/cikis', Array, Array, 0)
#49 C:\Users\yetki\Herd\minimesaj\tests\Feature\KimlikTest.php(114): Illuminate\Foundation\Testing\TestCase->postJson('/api/auth/cikis')
#50 C:\Users\yetki\Herd\minimesaj\vendor\pestphp\pest\src\Factories\TestCaseMethodFactory.php(172): P\Tests\Feature\KimlikTest->{closure:C:\Users\yetki\Herd\minimesaj\tests\Feature\KimlikTest.php:111}()
#51 [internal function]: P\Tests\Feature\KimlikTest->{closure:Pest\Factories\TestCaseMethodFactory::getClosure():162}()
#52 C:\Users\yetki\Herd\minimesaj\vendor\pestphp\pest\src\Concerns\Testable.php(429): call_user_func_array(Object(Closure), Array)
#53 C:\Users\yetki\Herd\minimesaj\vendor\pestphp\pest\src\Support\ExceptionTrace.php(26): P\Tests\Feature\KimlikTest->{closure:Pest\Concerns\Testable::__callClosure():429}()
#54 C:\Users\yetki\Herd\minimesaj\vendor\pestphp\pest\src\Concerns\Testable.php(429): Pest\Support\ExceptionTrace::ensure(Object(Closure))
#55 C:\Users\yetki\Herd\minimesaj\vendor\pestphp\pest\src\Concerns\Testable.php(331): P\Tests\Feature\KimlikTest->__callClosure(Object(Closure), Array)
#56 C:\Users\yetki\Herd\minimesaj\vendor\pestphp\pest\src\Factories\TestCaseFactory.php(175) : eval()'d code(80): P\Tests\Feature\KimlikTest->__runTest(Object(Closure))
#57 C:\Users\yetki\Herd\minimesaj\vendor\phpunit\phpunit\src\Framework\TestCase.php(1332): P\Tests\Feature\KimlikTest->__pest_evaluable_it_oturum_acik_iken_cikis_yapilabilir()
#58 C:\Users\yetki\Herd\minimesaj\vendor\phpunit\phpunit\src\Framework\TestCase.php(519): PHPUnit\Framework\TestCase->runTest()
#59 C:\Users\yetki\Herd\minimesaj\vendor\phpunit\phpunit\src\Framework\TestRunner\TestRunner.php(99): PHPUnit\Framework\TestCase->runBare()
#60 C:\Users\yetki\Herd\minimesaj\vendor\phpunit\phpunit\src\Framework\TestCase.php(359): PHPUnit\Framework\TestRunner->run(Object(P\Tests\Feature\KimlikTest))
#61 C:\Users\yetki\Herd\minimesaj\vendor\phpunit\phpunit\src\Framework\TestSuite.php(374): PHPUnit\Framework\TestCase->run()
#62 C:\Users\yetki\Herd\minimesaj\vendor\phpunit\phpunit\src\Framework\TestSuite.php(374): PHPUnit\Framework\TestSuite->run()
#63 C:\Users\yetki\Herd\minimesaj\vendor\phpunit\phpunit\src\Framework\TestSuite.php(374): PHPUnit\Framework\TestSuite->run()
#64 C:\Users\yetki\Herd\minimesaj\vendor\phpunit\phpunit\src\TextUI\TestRunner.php(64): PHPUnit\Framework\TestSuite->run()
#65 C:\Users\yetki\Herd\minimesaj\vendor\phpunit\phpunit\src\TextUI\Application.php(229): PHPUnit\TextUI\TestRunner->run(Object(PHPUnit\TextUI\Configuration\Configuration), Object(PHPUnit\Runner\ResultCache\DefaultResultCache), Object(PHPUnit\Framework\TestSuite))
#66 C:\Users\yetki\Herd\minimesaj\vendor\pestphp\pest\src\Kernel.php(103): PHPUnit\TextUI\Application->run(Array)
#67 C:\Users\yetki\Herd\minimesaj\vendor\pestphp\pest\bin\pest(184): Pest\Kernel->handle(Array, Array)
#68 C:\Users\yetki\Herd\minimesaj\vendor\pestphp\pest\bin\pest(192): {closure:C:\Users\yetki\Herd\minimesaj\vendor\pestphp\pest\bin\pest:18}()
#69 {main}

----------------------------------------------------------------------------------

Call to undefined method Laravel\Sanctum\TransientToken::delete()

  at tests\Feature\KimlikTest.php:116
    112Ôûò     $kullanici = User::factory()->create();
    113Ôûò 
    114Ôûò     $yanit = $this->actingAs($kullanici)->postJson('/api/auth/cikis');
    115Ôûò 
  ÔŞ£ 116Ôûò     $yanit->assertOk()
    117Ôûò         ->assertJsonPath('mesaj', '├ç─▒k─▒┼ş yap─▒ld─▒.');
    118Ôûò });
    119Ôûò 
    120Ôûò it('giris yapmamis kullanici korumali route a erisemez', function () {

  ÔöÇÔöÇÔöÇÔöÇÔöÇÔöÇÔöÇÔöÇÔöÇÔöÇÔöÇÔöÇÔöÇÔöÇÔöÇÔöÇÔöÇÔöÇÔöÇÔöÇÔöÇÔöÇÔöÇÔöÇÔöÇÔöÇÔöÇÔöÇÔöÇÔöÇÔöÇÔöÇÔöÇÔöÇÔöÇÔöÇÔöÇÔöÇÔöÇÔöÇÔöÇÔöÇÔöÇÔöÇÔöÇÔöÇÔöÇÔöÇÔöÇÔöÇÔöÇÔöÇÔöÇÔöÇÔöÇÔöÇÔöÇÔöÇÔöÇÔöÇÔöÇÔöÇÔöÇÔöÇÔöÇÔöÇÔöÇÔöÇÔöÇÔöÇÔöÇÔöÇÔöÇÔöÇÔöÇÔöÇ  
   FAILED  Tests\Feature\ModerasyonTest > it sikayet olusturulabilir            
  Expected response status code [201] but received 422.
Failed asserting that 422 is identical to 201.

The following errors occurred during the last request:

{
    "message": "The selected hedef tipi is invalid.",
    "errors": {
        "hedef_tipi": [
            "The selected hedef tipi is invalid."
        ]
    }
}

  at tests\Feature\ModerasyonTest.php:61
     57Ôûò         'kategori' => 'spam',
     58Ôûò         'aciklama' => 'S├╝rekli rahats─▒z edici mesajlar g├Ânderiyor.',
     59Ôûò     ]);
     60Ôûò 
  ÔŞ£  61Ôûò     $yanit->assertStatus(201);
     62Ôûò 
     63Ôûò     $this->assertDatabaseHas('sikayetler', [
     64Ôûò         'sikayet_eden_user_id' => $kullanici->id,
     65Ôûò         'hedef_tipi' => 'kullanici',

  ÔöÇÔöÇÔöÇÔöÇÔöÇÔöÇÔöÇÔöÇÔöÇÔöÇÔöÇÔöÇÔöÇÔöÇÔöÇÔöÇÔöÇÔöÇÔöÇÔöÇÔöÇÔöÇÔöÇÔöÇÔöÇÔöÇÔöÇÔöÇÔöÇÔöÇÔöÇÔöÇÔöÇÔöÇÔöÇÔöÇÔöÇÔöÇÔöÇÔöÇÔöÇÔöÇÔöÇÔöÇÔöÇÔöÇÔöÇÔöÇÔöÇÔöÇÔöÇÔöÇÔöÇÔöÇÔöÇÔöÇÔöÇÔöÇÔöÇÔöÇÔöÇÔöÇÔöÇÔöÇÔöÇÔöÇÔöÇÔöÇÔöÇÔöÇÔöÇÔöÇÔöÇÔöÇÔöÇÔöÇ  
   FAILED  Tests\Feature\SohbetVeMesajTest > it mesajlar okundu olarak isareÔÇĞ   
  Expected response status code [200] but received 404.
Failed asserting that 404 is identical to 200.

  at tests\Feature\SohbetVeMesajTest.php:127
    123Ôûò     ]);
    124Ôûò 
    125Ôûò     $yanit = $this->actingAs($kullanici)->postJson("/api/dating/sohbetler/{$sohbet->id}/okudum");
    126Ôûò 
  ÔŞ£ 127Ôûò     $yanit->assertOk();
    128Ôûò });
    129Ôûò


  Tests:    7 failed, 35 passed (80 assertions)
  Duration: 4.68s

